<html>
<body>
<pre>
<h1>µVision Build Log</h1>
<h2>Tool Versions:</h2>
IDE-Version: ¦ÌVision V5.15
Copyright (C) 2015 ARM Ltd and ARM Germany GmbH. All rights reserved.
License Information: c j, company, LIC=Z3C6R-KG3IL-E0LN4-FS2M1-Q86HP-YNFZB
 
Tool Versions:
Toolchain:       MDK-ARM Professional  Version: 5.15.0
Toolchain Path:  E:\keil_5\ARM\ARMCC\Bin
C Compiler:      Armcc.exe V5.05 update 2 (build 169)
Assembler:       Armasm.exe V5.05 update 2 (build 169)
Linker/Locator:  ArmLink.exe V5.05 update 2 (build 169)
Library Manager: ArmAr.exe V5.05 update 2 (build 169)
Hex Converter:   FromElf.exe V5.05 update 2 (build 169)
CPU DLL:         SARMCM3.DLL V5.15.0
Dialog DLL:      DCM.DLL V1.13.2.0
Target DLL:      Segger\JL2CM3.dll V2.99.15.0
Dialog DLL:      TCM.DLL V1.14.5.0
 
<h2>Project:</h2>
E:\chungkou\project_1\pro.uvprojx
Project File Date:  10/25/2024

<h2>Output:</h2>
*** Using Compiler 'V5.05 update 2 (build 169)', folder: 'E:\keil_5\ARM\ARMCC\Bin'
Build target 'Target 1'
compiling stm32f4xx_it.c...
USER\beep.h(4): warning:  #1295-D: Deprecated declaration Beep_Init - give arg types
  void Beep_Init();
USER\beep.h(5): warning:  #1295-D: Deprecated declaration Beep_Run - give arg types
  void Beep_Run();
USER\beep.h(6): warning:  #1295-D: Deprecated declaration Beep_Close - give arg types
  void Beep_Close();
USER\beep.h(7): warning:  #1295-D: Deprecated declaration Beep_Runs - give arg types
  void Beep_Runs();
USER\beep.h(9): warning:  #1-D: last line of file ends without a newline
  #endif
USER\led.h(3): warning:  #1295-D: Deprecated declaration Led_Init - give arg types
  void Led_Init();
USER\led.h(4): warning:  #1295-D: Deprecated declaration led_open - give arg types
  void led_open();
USER\led.h(5): warning:  #1295-D: Deprecated declaration led_close - give arg types
  void led_close();
USER\led.h(7): warning:  #1295-D: Deprecated declaration led_run - give arg types
  void led_run();
USER\led.h(8): warning:  #1-D: last line of file ends without a newline
  #endif
USER\key.h(4): warning:  #1295-D: Deprecated declaration Key_Init - give arg types
  void Key_Init();
USER\key.h(6): warning:  #1295-D: Deprecated declaration Key_read - give arg types
  void Key_read();
USER\key.h(7): warning:  #1295-D: Deprecated declaration key_Select - give arg types
  void key_Select();
USER\key.h(9): warning:  #1295-D: Deprecated declaration Fan_Init - give arg types
  void Fan_Init();
USER\key.h(10): warning:  #1295-D: Deprecated declaration Fan_Run - give arg types
  void Fan_Run();
USER\key.h(11): warning:  #1295-D: Deprecated declaration Fan_Close - give arg types
  void Fan_Close();
USER\key.h(12): warning:  #1295-D: Deprecated declaration music_begin - give arg types
  void music_begin();
USER\key.h(13): warning:  #1-D: last line of file ends without a newline
  #endif
USER\nvic.h(5): warning:  #1295-D: Deprecated declaration NVIC_Config - give arg types
  void NVIC_Config();
USER\nvic.h(6): warning:  #1295-D: Deprecated declaration EXTI4_Config - give arg types
  void EXTI4_Config();
USER\nvic.h(7): warning:  #1295-D: Deprecated declaration EXTI9_5_Config - give arg types
  void EXTI9_5_Config();
USER\nvic.h(8): warning:  #1295-D: Deprecated declaration EXTI12_Config - give arg types
  void EXTI12_Config();
USER\nvic.h(10): warning:  #1-D: last line of file ends without a newline
  #endif
USER\systick.h(3): warning:  #1295-D: Deprecated declaration Systick_Init - give arg types
  void Systick_Init();
USER\systick.h(5): warning:  #1295-D: Deprecated declaration SysTick_Handler - give arg types
  void SysTick_Handler ();
USER\systick.h(8): warning:  #1-D: last line of file ends without a newline
  #endif
USER\time.h(3): warning:  #1295-D: Deprecated declaration TIME6_Config - give arg types
  void TIME6_Config();
USER\time.h(4): warning:  #1295-D: Deprecated declaration TIME4_Config - give arg types
  void TIME4_Config();
USER\time.h(5): warning:  #1-D: last line of file ends without a newline
  #endif
USER\pwm.h(5): warning:  #1295-D: Deprecated declaration PWM_TIM2_CH3_BEEP - give arg types
  void PWM_TIM2_CH3_BEEP();
USER\pwm.h(6): warning:  #1295-D: Deprecated declaration PWM_TIM1_CH1_LED - give arg types
  void PWM_TIM1_CH1_LED();
USER\pwm.h(8): warning:  #1295-D: Deprecated declaration PWM_TIM1_CH1N_LED1 - give arg types
  void PWM_TIM1_CH1N_LED1();
USER\pwm.h(9): warning:  #1-D: last line of file ends without a newline
  #endif
USER\usart.h(4): warning:  #1295-D: Deprecated declaration Usart_Config - give arg types
  void Usart_Config();
USER\usart.h(7): warning:  #1-D: last line of file ends without a newline
  #endif
USER\dht11.h(10): warning:  #1-D: last line of file ends without a newline
  #endif
USER\oled.h(4): warning:  #1295-D: Deprecated declaration oled_test - give arg types
  int oled_test();
USER\oled.h(10): warning:  #1295-D: Deprecated declaration Show_Welcome - give arg types
  void Show_Welcome();
USER\oled.h(11): warning:  #1295-D: Deprecated declaration Show_End - give arg types
  void Show_End();
USER\oled.h(12): warning:  #1295-D: Deprecated declaration show_mode_1 - give arg types
  void show_mode_1();
USER\oled.h(13): warning:  #1295-D: Deprecated declaration show_mode_2 - give arg types
  void show_mode_2();
USER\oled.h(14): warning:  #1-D: last line of file ends without a newline
  #endif
.\HARDWARE\spi.h(11): warning:  #1295-D: Deprecated declaration W25Q128_ReadDeviceId - give arg types
  uint16_t W25Q128_ReadDeviceId();
.\HARDWARE\spi.h(12): warning:  #1-D: last line of file ends without a newline
  #endif
.\HARDWARE\adc.h(4): warning:  #1295-D: Deprecated declaration Phtores_ADC_Init - give arg types
  void Phtores_ADC_Init();
.\HARDWARE\adc.h(5): warning:  #1295-D: Deprecated declaration get_adc_val - give arg types
  u16 get_adc_val();
.\HARDWARE\adc.h(7): warning:  #1-D: last line of file ends without a newline
  #endif
.\HARDWARE\wifi.h(3): warning:  #1295-D: Deprecated declaration Usart2_Config - give arg types
  void Usart2_Config();
.\HARDWARE\wifi.h(6): warning:  #1295-D: Deprecated declaration Set_Server_Mode - give arg types
  void Set_Server_Mode();
.\HARDWARE\wifi.h(7): warning:  #1295-D: Deprecated declaration Set_Client_Mode - give arg types
  void Set_Client_Mode();
.\HARDWARE\wifi.h(8): warning:  #1-D: last line of file ends without a newline
  #endif
USER\main.h(33): warning:  #1-D: last line of file ends without a newline
  #endif
USER\stm32f4xx_it.c(304): warning:  #167-D: argument of type "u8 *" is incompatible with parameter of type "const char *"
                if(wifi_rec_flag && strstr(wifi_buf,"CONNECT"))
USER\stm32f4xx_it.c(264): warning:  #550-D: variable "usart" was set but never used
        u8 usart;
USER\stm32f4xx_it.c: 54 warnings, 0 errors
linking...
Program Size: Code=9404 RO-data=2292 RW-data=2404 ZI-data=2052  
FromELF: creating hex file...
".\OBJ\pro.axf" - 0 Error(s), 54 Warning(s).

<h2>Collection of Component include folders:</h2>
  E:\chungkou\project_1\RTE
  E:\keil_5\ARM\PACK\Keil\STM32F4xx_DFP\1.0.8\Device\Include

<h2>Collection of Component Files used:</h2>
</pre>
</body>
</html>
