Component: ARM Compiler 5.05 update 2 (build 169) Tool: armlink [4d0f33]

==============================================================================

Section Cross References

    startup_stm32f40_41xxx.o(RESET) refers to startup_stm32f40_41xxx.o(STACK) for __initial_sp
    startup_stm32f40_41xxx.o(RESET) refers to startup_stm32f40_41xxx.o(.text) for Reset_Handler
    startup_stm32f40_41xxx.o(RESET) refers to stm32f4xx_it.o(i.NMI_Handler) for NMI_Handler
    startup_stm32f40_41xxx.o(RESET) refers to stm32f4xx_it.o(i.HardFault_Handler) for HardFault_Handler
    startup_stm32f40_41xxx.o(RESET) refers to stm32f4xx_it.o(i.MemManage_Handler) for MemManage_Handler
    startup_stm32f40_41xxx.o(RESET) refers to stm32f4xx_it.o(i.BusFault_Handler) for BusFault_Handler
    startup_stm32f40_41xxx.o(RESET) refers to stm32f4xx_it.o(i.UsageFault_Handler) for UsageFault_Handler
    startup_stm32f40_41xxx.o(RESET) refers to stm32f4xx_it.o(i.SVC_Handler) for SVC_Handler
    startup_stm32f40_41xxx.o(RESET) refers to stm32f4xx_it.o(i.DebugMon_Handler) for DebugMon_Handler
    startup_stm32f40_41xxx.o(RESET) refers to stm32f4xx_it.o(i.PendSV_Handler) for PendSV_Handler
    startup_stm32f40_41xxx.o(RESET) refers to systick.o(i.SysTick_Handler) for SysTick_Handler
    startup_stm32f40_41xxx.o(RESET) refers to stm32f4xx_it.o(i.EXTI4_IRQHandler) for EXTI4_IRQHandler
    startup_stm32f40_41xxx.o(RESET) refers to stm32f4xx_it.o(i.EXTI9_5_IRQHandler) for EXTI9_5_IRQHandler
    startup_stm32f40_41xxx.o(RESET) refers to stm32f4xx_it.o(i.TIM3_IRQHandler) for TIM3_IRQHandler
    startup_stm32f40_41xxx.o(RESET) refers to key.o(i.TIM4_IRQHandler) for TIM4_IRQHandler
    startup_stm32f40_41xxx.o(RESET) refers to stm32f4xx_it.o(i.USART1_IRQHandler) for USART1_IRQHandler
    startup_stm32f40_41xxx.o(RESET) refers to stm32f4xx_it.o(i.USART2_IRQHandler) for USART2_IRQHandler
    startup_stm32f40_41xxx.o(RESET) refers to stm32f4xx_it.o(i.EXTI15_10_IRQHandler) for EXTI15_10_IRQHandler
    startup_stm32f40_41xxx.o(RESET) refers to stm32f4xx_it.o(i.TIM5_IRQHandler) for TIM5_IRQHandler
    startup_stm32f40_41xxx.o(RESET) refers to stm32f4xx_it.o(i.TIM6_DAC_IRQHandler) for TIM6_DAC_IRQHandler
    startup_stm32f40_41xxx.o(.text) refers to system_stm32f4xx.o(i.SystemInit) for SystemInit
    startup_stm32f40_41xxx.o(.text) refers to entry.o(.ARM.Collect$$$$00000000) for __main
    main.o(i.Send_Information) refers to printf3.o(i.__0sprintf$3) for __2sprintf
    main.o(i.Send_Information) refers to memcpya.o(.text) for __aeabi_memcpy4
    main.o(i.Send_Information) refers to wifi.o(i.Usart2_Send_str) for Usart2_Send_str
    main.o(i.Send_Information) refers to delay.o(i.delay_ms) for delay_ms
    main.o(i.main) refers to delay.o(i.delay_init) for delay_init
    main.o(i.main) refers to key.o(i.Key_Init) for Key_Init
    main.o(i.main) refers to iic.o(i.IIC_Init) for IIC_Init
    main.o(i.main) refers to key.o(i.Fan_Init) for Fan_Init
    main.o(i.main) refers to oled.o(i.OLed_Fill) for OLed_Fill
    main.o(i.main) refers to adc.o(i.Phtores_ADC_Init) for Phtores_ADC_Init
    main.o(i.main) refers to nvic.o(i.EXTI4_Config) for EXTI4_Config
    main.o(i.main) refers to nvic.o(i.EXTI9_5_Config) for EXTI9_5_Config
    main.o(i.main) refers to nvic.o(i.EXTI12_Config) for EXTI12_Config
    main.o(i.main) refers to nvic.o(i.NVIC_Config) for NVIC_Config
    main.o(i.main) refers to wifi.o(i.Usart2_Config) for Usart2_Config
    main.o(i.main) refers to usart.o(i.Usart_Config) for Usart_Config
    main.o(i.main) refers to led.o(i.Led_Init) for Led_Init
    main.o(i.main) refers to beep.o(i.Beep_Init) for Beep_Init
    main.o(i.main) refers to pwm.o(i.PWM_TIM1_CH1_LED) for PWM_TIM1_CH1_LED
    main.o(i.main) refers to wifi.o(i.Set_Server_Mode) for Set_Server_Mode
    main.o(i.main) refers to printf3.o(i.__0printf$3) for __2printf
    main.o(i.main) refers to key.o(i.key_Select) for key_Select
    main.o(i.show_Information) refers to pwm.o(i.Set_LedLight) for Set_LedLight
    main.o(i.show_Information) refers to oled.o(i.Oled_print) for Oled_print
    main.o(i.show_Information) refers to printf3.o(i.__0sprintf$3) for __2sprintf
    main.o(i.show_Information) refers to dht11.o(i.DHT11_WORK) for DHT11_WORK
    main.o(i.show_Information) refers to delay.o(i.delay_ms) for delay_ms
    stm32f4xx_it.o(i.EXTI15_10_IRQHandler) refers to stm32f4xx_exti.o(i.EXTI_GetITStatus) for EXTI_GetITStatus
    stm32f4xx_it.o(i.EXTI15_10_IRQHandler) refers to stm32f4xx_exti.o(i.EXTI_ClearITPendingBit) for EXTI_ClearITPendingBit
    stm32f4xx_it.o(i.EXTI15_10_IRQHandler) refers to stm32f4xx_it.o(.data) for key4_flag
    stm32f4xx_it.o(i.EXTI4_IRQHandler) refers to stm32f4xx_exti.o(i.EXTI_GetITStatus) for EXTI_GetITStatus
    stm32f4xx_it.o(i.EXTI4_IRQHandler) refers to stm32f4xx_exti.o(i.EXTI_ClearITPendingBit) for EXTI_ClearITPendingBit
    stm32f4xx_it.o(i.EXTI4_IRQHandler) refers to stm32f4xx_it.o(.data) for key_flag
[...]
    Removing stm32f4xx_rcc.o(i.RCC_ITConfig), (32 bytes).
    Removing stm32f4xx_rcc.o(i.RCC_LSEConfig), (44 bytes).
    Removing stm32f4xx_rcc.o(i.RCC_LSEModeConfig), (36 bytes).
    Removing stm32f4xx_rcc.o(i.RCC_LSICmd), (12 bytes).
    Removing stm32f4xx_rcc.o(i.RCC_LTDCCLKDivConfig), (24 bytes).
    Removing stm32f4xx_rcc.o(i.RCC_MCO1Config), (28 bytes).
    Removing stm32f4xx_rcc.o(i.RCC_MCO2Config), (28 bytes).
    Removing stm32f4xx_rcc.o(i.RCC_PCLK1Config), (24 bytes).
    Removing stm32f4xx_rcc.o(i.RCC_PCLK2Config), (24 bytes).
    Removing stm32f4xx_rcc.o(i.RCC_PLLCmd), (12 bytes).
    Removing stm32f4xx_rcc.o(i.RCC_PLLConfig), (36 bytes).
    Removing stm32f4xx_rcc.o(i.RCC_PLLI2SCmd), (12 bytes).
    Removing stm32f4xx_rcc.o(i.RCC_PLLI2SConfig), (16 bytes).
    Removing stm32f4xx_rcc.o(i.RCC_PLLSAICmd), (12 bytes).
    Removing stm32f4xx_rcc.o(i.RCC_PLLSAIConfig), (24 bytes).
    Removing stm32f4xx_rcc.o(i.RCC_RTCCLKCmd), (12 bytes).
    Removing stm32f4xx_rcc.o(i.RCC_RTCCLKConfig), (60 bytes).
    Removing stm32f4xx_rcc.o(i.RCC_SAIBlockACLKConfig), (24 bytes).
    Removing stm32f4xx_rcc.o(i.RCC_SAIBlockBCLKConfig), (24 bytes).
    Removing stm32f4xx_rcc.o(i.RCC_SAIPLLI2SClkDivConfig), (28 bytes).
    Removing stm32f4xx_rcc.o(i.RCC_SAIPLLSAIClkDivConfig), (28 bytes).
    Removing stm32f4xx_rcc.o(i.RCC_SYSCLKConfig), (24 bytes).
    Removing stm32f4xx_rcc.o(i.RCC_TIMCLKPresConfig), (12 bytes).
    Removing stm32f4xx_rcc.o(i.RCC_WaitForHSEStartUp), (56 bytes).
    Removing stm32f4xx_syscfg.o(.rev16_text), (4 bytes).
    Removing stm32f4xx_syscfg.o(.revsh_text), (4 bytes).
    Removing stm32f4xx_syscfg.o(i.SYSCFG_CompensationCellCmd), (12 bytes).
    Removing stm32f4xx_syscfg.o(i.SYSCFG_DeInit), (22 bytes).
    Removing stm32f4xx_syscfg.o(i.SYSCFG_ETH_MediaInterfaceConfig), (12 bytes).
    Removing stm32f4xx_syscfg.o(i.SYSCFG_GetCompensationCellStatus), (24 bytes).
    Removing stm32f4xx_syscfg.o(i.SYSCFG_MemoryRemapConfig), (12 bytes).
    Removing stm32f4xx_syscfg.o(i.SYSCFG_MemorySwappingBank), (12 bytes).
    Removing stm32f4xx_usart.o(.rev16_text), (4 bytes).
    Removing stm32f4xx_usart.o(.revsh_text), (4 bytes).
    Removing stm32f4xx_usart.o(i.USART_ClearFlag), (18 bytes).
    Removing stm32f4xx_usart.o(i.USART_ClockInit), (32 bytes).
    Removing stm32f4xx_usart.o(i.USART_ClockStructInit), (12 bytes).
    Removing stm32f4xx_usart.o(i.USART_DMACmd), (18 bytes).
    Removing stm32f4xx_usart.o(i.USART_DeInit), (240 bytes).
    Removing stm32f4xx_usart.o(i.USART_HalfDuplexCmd), (24 bytes).
    Removing stm32f4xx_usart.o(i.USART_IrDACmd), (24 bytes).
    Removing stm32f4xx_usart.o(i.USART_IrDAConfig), (18 bytes).
    Removing stm32f4xx_usart.o(i.USART_LINBreakDetectLengthConfig), (18 bytes).
    Removing stm32f4xx_usart.o(i.USART_LINCmd), (24 bytes).
    Removing stm32f4xx_usart.o(i.USART_OneBitMethodCmd), (24 bytes).
    Removing stm32f4xx_usart.o(i.USART_OverSampling8Cmd), (22 bytes).
    Removing stm32f4xx_usart.o(i.USART_ReceiverWakeUpCmd), (24 bytes).
    Removing stm32f4xx_usart.o(i.USART_SendBreak), (10 bytes).
    Removing stm32f4xx_usart.o(i.USART_SetAddress), (18 bytes).
    Removing stm32f4xx_usart.o(i.USART_SetGuardTime), (16 bytes).
    Removing stm32f4xx_usart.o(i.USART_SetPrescaler), (16 bytes).
    Removing stm32f4xx_usart.o(i.USART_SmartCardCmd), (24 bytes).
    Removing stm32f4xx_usart.o(i.USART_SmartCardNACKCmd), (24 bytes).
    Removing stm32f4xx_usart.o(i.USART_StructInit), (24 bytes).
    Removing stm32f4xx_usart.o(i.USART_WakeUpConfig), (18 bytes).
    Removing stm32f4xx_exti.o(.rev16_text), (4 bytes).
    Removing stm32f4xx_exti.o(.revsh_text), (4 bytes).
    Removing stm32f4xx_exti.o(i.EXTI_ClearFlag), (12 bytes).
    Removing stm32f4xx_exti.o(i.EXTI_DeInit), (36 bytes).
    Removing stm32f4xx_exti.o(i.EXTI_GenerateSWInterrupt), (16 bytes).
    Removing stm32f4xx_exti.o(i.EXTI_GetFlagStatus), (24 bytes).
    Removing stm32f4xx_exti.o(i.EXTI_StructInit), (16 bytes).
    Removing stm32f4xx_tim.o(.rev16_text), (4 bytes).
    Removing stm32f4xx_tim.o(.revsh_text), (4 bytes).
    Removing stm32f4xx_tim.o(i.TI1_Config), (58 bytes).
    Removing stm32f4xx_tim.o(i.TI2_Config), (80 bytes).
    Removing stm32f4xx_tim.o(i.TI3_Config), (72 bytes).
    Removing stm32f4xx_tim.o(i.TI4_Config), (80 bytes).
    Removing stm32f4xx_tim.o(i.TIM_BDTRConfig), (32 bytes).
    Removing stm32f4xx_tim.o(i.TIM_BDTRStructInit), (18 bytes).
    Removing stm32f4xx_tim.o(i.TIM_CCPreloadControl), (24 bytes).
    Removing stm32f4xx_tim.o(i.TIM_CCxCmd), (30 bytes).
    Removing stm32f4xx_tim.o(i.TIM_CCxNCmd), (30 bytes).
    Removing stm32f4xx_tim.o(i.TIM_ClearFlag), (6 bytes).
    Removing stm32f4xx_tim.o(i.TIM_ClearOC1Ref), (18 bytes).
    Removing stm32f4xx_tim.o(i.TIM_ClearOC2Ref), (24 bytes).
    Removing stm32f4xx_tim.o(i.TIM_ClearOC3Ref), (18 bytes).
    Removing stm32f4xx_tim.o(i.TIM_ClearOC4Ref), (24 bytes).
    Removing stm32f4xx_tim.o(i.TIM_CounterModeConfig), (18 bytes).
    Removing stm32f4xx_tim.o(i.TIM_DMACmd), (18 bytes).
    Removing stm32f4xx_tim.o(i.TIM_DMAConfig), (10 bytes).
    Removing stm32f4xx_tim.o(i.TIM_ETRClockMode1Config), (54 bytes).
    Removing stm32f4xx_tim.o(i.TIM_ETRClockMode2Config), (32 bytes).
    Removing stm32f4xx_tim.o(i.TIM_ETRConfig), (28 bytes).
    Removing stm32f4xx_tim.o(i.TIM_EncoderInterfaceConfig), (66 bytes).
    Removing stm32f4xx_tim.o(i.TIM_ForcedOC1Config), (18 bytes).
    Removing stm32f4xx_tim.o(i.TIM_ForcedOC2Config), (26 bytes).
    Removing stm32f4xx_tim.o(i.TIM_ForcedOC3Config), (18 bytes).
    Removing stm32f4xx_tim.o(i.TIM_ForcedOC4Config), (26 bytes).
    Removing stm32f4xx_tim.o(i.TIM_GenerateEvent), (4 bytes).
    Removing stm32f4xx_tim.o(i.TIM_GetCapture1), (6 bytes).
    Removing stm32f4xx_tim.o(i.TIM_GetCapture2), (6 bytes).
    Removing stm32f4xx_tim.o(i.TIM_GetCapture3), (6 bytes).
    Removing stm32f4xx_tim.o(i.TIM_GetCapture4), (6 bytes).
    Removing stm32f4xx_tim.o(i.TIM_GetCounter), (6 bytes).
    Removing stm32f4xx_tim.o(i.TIM_GetFlagStatus), (18 bytes).
    Removing stm32f4xx_tim.o(i.TIM_GetPrescaler), (6 bytes).
    Removing stm32f4xx_tim.o(i.TIM_ICInit), (110 bytes).
    Removing stm32f4xx_tim.o(i.TIM_ICStructInit), (18 bytes).
    Removing stm32f4xx_tim.o(i.TIM_ITRxExternalClockConfig), (24 bytes).
    Removing stm32f4xx_tim.o(i.TIM_InternalClockConfig), (12 bytes).
    Removing stm32f4xx_tim.o(i.TIM_OC1FastConfig), (18 bytes).
    Removing stm32f4xx_tim.o(i.TIM_OC1NPolarityConfig), (18 bytes).
    Removing stm32f4xx_tim.o(i.TIM_OC1PolarityConfig), (18 bytes).
    Removing stm32f4xx_tim.o(i.TIM_OC2FastConfig), (26 bytes).
    Removing stm32f4xx_tim.o(i.TIM_OC2Init), (164 bytes).
    Removing stm32f4xx_tim.o(i.TIM_OC2NPolarityConfig), (26 bytes).
    Removing stm32f4xx_tim.o(i.TIM_OC2PolarityConfig), (26 bytes).
    Removing stm32f4xx_tim.o(i.TIM_OC2PreloadConfig), (26 bytes).
    Removing stm32f4xx_tim.o(i.TIM_OC3FastConfig), (18 bytes).
    Removing stm32f4xx_tim.o(i.TIM_OC3Init), (160 bytes).
    Removing stm32f4xx_tim.o(i.TIM_OC3NPolarityConfig), (26 bytes).
    Removing stm32f4xx_tim.o(i.TIM_OC3PolarityConfig), (26 bytes).
    Removing stm32f4xx_tim.o(i.TIM_OC3PreloadConfig), (18 bytes).
    Removing stm32f4xx_tim.o(i.TIM_OC4FastConfig), (26 bytes).
    Removing stm32f4xx_tim.o(i.TIM_OC4Init), (120 bytes).
    Removing stm32f4xx_tim.o(i.TIM_OC4PolarityConfig), (26 bytes).
    Removing stm32f4xx_tim.o(i.TIM_OC4PreloadConfig), (26 bytes).
    Removing stm32f4xx_tim.o(i.TIM_OCStructInit), (20 bytes).
    Removing stm32f4xx_tim.o(i.TIM_PWMIConfig), (124 bytes).
    Removing stm32f4xx_tim.o(i.TIM_PrescalerConfig), (6 bytes).
    Removing stm32f4xx_tim.o(i.TIM_RemapConfig), (6 bytes).
    Removing stm32f4xx_tim.o(i.TIM_SelectCCDMA), (24 bytes).
    Removing stm32f4xx_tim.o(i.TIM_SelectCOM), (24 bytes).
    Removing stm32f4xx_tim.o(i.TIM_SelectHallSensor), (24 bytes).
    Removing stm32f4xx_tim.o(i.TIM_SelectInputTrigger), (18 bytes).
    Removing stm32f4xx_tim.o(i.TIM_SelectMasterSlaveMode), (18 bytes).
    Removing stm32f4xx_tim.o(i.TIM_SelectOCxM), (86 bytes).
    Removing stm32f4xx_tim.o(i.TIM_SelectOnePulseMode), (18 bytes).
    Removing stm32f4xx_tim.o(i.TIM_SelectOutputTrigger), (18 bytes).
    Removing stm32f4xx_tim.o(i.TIM_SelectSlaveMode), (18 bytes).
    Removing stm32f4xx_tim.o(i.TIM_SetAutoreload), (4 bytes).
    Removing stm32f4xx_tim.o(i.TIM_SetClockDivision), (18 bytes).
    Removing stm32f4xx_tim.o(i.TIM_SetCompare2), (4 bytes).
    Removing stm32f4xx_tim.o(i.TIM_SetCompare3), (4 bytes).
    Removing stm32f4xx_tim.o(i.TIM_SetCompare4), (4 bytes).
    Removing stm32f4xx_tim.o(i.TIM_SetCounter), (4 bytes).
    Removing stm32f4xx_tim.o(i.TIM_SetIC1Prescaler), (18 bytes).
    Removing stm32f4xx_tim.o(i.TIM_SetIC2Prescaler), (26 bytes).
    Removing stm32f4xx_tim.o(i.TIM_SetIC3Prescaler), (18 bytes).
    Removing stm32f4xx_tim.o(i.TIM_SetIC4Prescaler), (26 bytes).
    Removing stm32f4xx_tim.o(i.TIM_TIxExternalClockConfig), (62 bytes).
    Removing stm32f4xx_tim.o(i.TIM_TimeBaseStructInit), (18 bytes).
    Removing stm32f4xx_tim.o(i.TIM_UpdateDisableConfig), (24 bytes).
    Removing stm32f4xx_tim.o(i.TIM_UpdateRequestConfig), (24 bytes).
    Removing stm32f4xx_spi.o(.rev16_text), (4 bytes).
    Removing stm32f4xx_spi.o(.revsh_text), (4 bytes).
    Removing stm32f4xx_spi.o(i.I2S_Cmd), (24 bytes).
    Removing stm32f4xx_spi.o(i.I2S_FullDuplexConfig), (80 bytes).
    Removing stm32f4xx_spi.o(i.I2S_Init), (408 bytes).
    Removing stm32f4xx_spi.o(i.I2S_StructInit), (20 bytes).
    Removing stm32f4xx_spi.o(i.SPI_BiDirectionalLineConfig), (28 bytes).
    Removing stm32f4xx_spi.o(i.SPI_CalculateCRC), (24 bytes).
    Removing stm32f4xx_spi.o(i.SPI_Cmd), (24 bytes).
    Removing stm32f4xx_spi.o(i.SPI_DataSizeConfig), (18 bytes).
    Removing stm32f4xx_spi.o(i.SPI_GetCRC), (16 bytes).
    Removing stm32f4xx_spi.o(i.SPI_GetCRCPolynomial), (6 bytes).
    Removing stm32f4xx_spi.o(i.SPI_I2S_ClearFlag), (6 bytes).
    Removing stm32f4xx_spi.o(i.SPI_I2S_ClearITPendingBit), (20 bytes).
    Removing stm32f4xx_spi.o(i.SPI_I2S_DMACmd), (18 bytes).
    Removing stm32f4xx_spi.o(i.SPI_I2S_DeInit), (176 bytes).
    Removing stm32f4xx_spi.o(i.SPI_I2S_GetFlagStatus), (18 bytes).
    Removing stm32f4xx_spi.o(i.SPI_I2S_GetITStatus), (52 bytes).
    Removing stm32f4xx_spi.o(i.SPI_I2S_ITConfig), (32 bytes).
    Removing stm32f4xx_spi.o(i.SPI_I2S_ReceiveData), (6 bytes).
    Removing stm32f4xx_spi.o(i.SPI_I2S_SendData), (4 bytes).
    Removing stm32f4xx_spi.o(i.SPI_Init), (60 bytes).
    Removing stm32f4xx_spi.o(i.SPI_NSSInternalSoftwareConfig), (30 bytes).
    Removing stm32f4xx_spi.o(i.SPI_SSOutputCmd), (24 bytes).
    Removing stm32f4xx_spi.o(i.SPI_StructInit), (24 bytes).
    Removing stm32f4xx_spi.o(i.SPI_TIModeCmd), (24 bytes).
    Removing stm32f4xx_spi.o(i.SPI_TransmitCRC), (10 bytes).
    Removing dmul.o(.text), (228 bytes).
    Removing dfltui.o(.text), (26 bytes).
    Removing dfixui.o(.text), (50 bytes).
    Removing depilogue.o(.text), (186 bytes).
    Removing dadd.o(.text), (334 bytes).
    Removing ddiv.o(.text), (222 bytes).
    Removing dfixul.o(.text), (48 bytes).
    Removing cdrcmple.o(.text), (48 bytes).

319 unused section(s) (total 11589 bytes) removed from the image.

==============================================================================

Image Symbol Table

    Local Symbols

    Symbol Name                              Value     Ov Type        Size  Object(Section)

    ../clib/../cmprslib/lz77c.c              0x00000000   Number         0  __dclz77c.o ABSOLUTE
    ../clib/microlib/division.c              0x00000000   Number         0  uidiv.o ABSOLUTE
    ../clib/microlib/division.c              0x00000000   Number         0  uldiv.o ABSOLUTE
    ../clib/microlib/init/entry.s            0x00000000   Number         0  entry.o ABSOLUTE
    ../clib/microlib/init/entry.s            0x00000000   Number         0  entry11b.o ABSOLUTE
    ../clib/microlib/init/entry.s            0x00000000   Number         0  entry8b.o ABSOLUTE
    ../clib/microlib/init/entry.s            0x00000000   Number         0  entry11a.o ABSOLUTE
    ../clib/microlib/init/entry.s            0x00000000   Number         0  entry10b.o ABSOLUTE
    ../clib/microlib/init/entry.s            0x00000000   Number         0  entry5.o ABSOLUTE
    ../clib/microlib/init/entry.s            0x00000000   Number         0  entry10a.o ABSOLUTE
    ../clib/microlib/init/entry.s            0x00000000   Number         0  entry9b.o ABSOLUTE
    ../clib/microlib/init/entry.s            0x00000000   Number         0  entry7b.o ABSOLUTE
    ../clib/microlib/init/entry.s            0x00000000   Number         0  entry9a.o ABSOLUTE
    ../clib/microlib/init/entry.s            0x00000000   Number         0  entry7a.o ABSOLUTE
    ../clib/microlib/init/entry.s            0x00000000   Number         0  entry2.o ABSOLUTE
    ../clib/microlib/init/entry.s            0x00000000   Number         0  entry8a.o ABSOLUTE
    ../clib/microlib/longlong.c              0x00000000   Number         0  llushr.o ABSOLUTE
    ../clib/microlib/longlong.c              0x00000000   Number         0  llsshr.o ABSOLUTE
    ../clib/microlib/longlong.c              0x00000000   Number         0  llshl.o ABSOLUTE
    ../clib/microlib/printf/printf.c         0x00000000   Number         0  printf1.o ABSOLUTE
    ../clib/microlib/printf/printf.c         0x00000000   Number         0  printf2.o ABSOLUTE
    ../clib/microlib/printf/printf.c         0x00000000   Number         0  printfa.o ABSOLUTE
    ../clib/microlib/printf/printf.c         0x00000000   Number         0  printf8.o ABSOLUTE
    ../clib/microlib/printf/printf.c         0x00000000   Number         0  printf4.o ABSOLUTE
    ../clib/microlib/printf/printf.c         0x00000000   Number         0  printf5.o ABSOLUTE
    ../clib/microlib/printf/printf.c         0x00000000   Number         0  printf7.o ABSOLUTE
    ../clib/microlib/printf/printf.c         0x00000000   Number         0  printf6.o ABSOLUTE
    ../clib/microlib/printf/printf.c         0x00000000   Number         0  printf3.o ABSOLUTE
    ../clib/microlib/printf/printf.c         0x00000000   Number         0  printfb.o ABSOLUTE
    ../clib/microlib/printf/printf.c         0x00000000   Number         0  printf0.o ABSOLUTE
    ../clib/microlib/printf/stubs.s          0x00000000   Number         0  stubs.o ABSOLUTE
    ../clib/microlib/stdio/streams.c         0x00000000   Number         0  stdout.o ABSOLUTE
    ../clib/microlib/string/memcpy.c         0x00000000   Number         0  memcpya.o ABSOLUTE
    ../clib/microlib/string/memcpy.c         0x00000000   Number         0  memcpyb.o ABSOLUTE
    ../clib/microlib/string/strlen.c         0x00000000   Number         0  strlen.o ABSOLUTE
    ../clib/microlib/string/strstr.c         0x00000000   Number         0  strstr.o ABSOLUTE
    ../clib/microlib/stubs.s                 0x00000000   Number         0  iusefp.o ABSOLUTE
    ../fplib/microlib/fpadd.c                0x00000000   Number         0  dadd.o ABSOLUTE
    ../fplib/microlib/fpdiv.c                0x00000000   Number         0  ddiv.o ABSOLUTE
    ../fplib/microlib/fpepilogue.c           0x00000000   Number         0  depilogue.o ABSOLUTE
    ../fplib/microlib/fpfix.c                0x00000000   Number         0  dfixul.o ABSOLUTE
    ../fplib/microlib/fpfix.c                0x00000000   Number         0  dfixui.o ABSOLUTE
    ../fplib/microlib/fpflt.c                0x00000000   Number         0  dfltui.o ABSOLUTE
    ../fplib/microlib/fpmul.c                0x00000000   Number         0  dmul.o ABSOLUTE
    CMSIS\startup_stm32f40_41xxx.s           0x00000000   Number         0  startup_stm32f40_41xxx.o ABSOLUTE
    DEVICE_LIB\\src\\misc.c                  0x00000000   Number         0  misc.o ABSOLUTE
    DEVICE_LIB\\src\\stm32f4xx_adc.c         0x00000000   Number         0  stm32f4xx_adc.o ABSOLUTE
    DEVICE_LIB\\src\\stm32f4xx_exti.c        0x00000000   Number         0  stm32f4xx_exti.o ABSOLUTE
    DEVICE_LIB\\src\\stm32f4xx_gpio.c        0x00000000   Number         0  stm32f4xx_gpio.o ABSOLUTE
    DEVICE_LIB\\src\\stm32f4xx_rcc.c         0x00000000   Number         0  stm32f4xx_rcc.o ABSOLUTE
    DEVICE_LIB\\src\\stm32f4xx_spi.c         0x00000000   Number         0  stm32f4xx_spi.o ABSOLUTE
    DEVICE_LIB\\src\\stm32f4xx_syscfg.c      0x00000000   Number         0  stm32f4xx_syscfg.o ABSOLUTE
    DEVICE_LIB\\src\\stm32f4xx_tim.c         0x00000000   Number         0  stm32f4xx_tim.o ABSOLUTE
    DEVICE_LIB\\src\\stm32f4xx_usart.c       0x00000000   Number         0  stm32f4xx_usart.o ABSOLUTE
    DEVICE_LIB\src\misc.c                    0x00000000   Number         0  misc.o ABSOLUTE
    DEVICE_LIB\src\stm32f4xx_adc.c           0x00000000   Number         0  stm32f4xx_adc.o ABSOLUTE
    DEVICE_LIB\src\stm32f4xx_exti.c          0x00000000   Number         0  stm32f4xx_exti.o ABSOLUTE
    DEVICE_LIB\src\stm32f4xx_gpio.c          0x00000000   Number         0  stm32f4xx_gpio.o ABSOLUTE
    DEVICE_LIB\src\stm32f4xx_rcc.c           0x00000000   Number         0  stm32f4xx_rcc.o ABSOLUTE
    DEVICE_LIB\src\stm32f4xx_spi.c           0x00000000   Number         0  stm32f4xx_spi.o ABSOLUTE
    DEVICE_LIB\src\stm32f4xx_syscfg.c        0x00000000   Number         0  stm32f4xx_syscfg.o ABSOLUTE
    DEVICE_LIB\src\stm32f4xx_tim.c           0x00000000   Number         0  stm32f4xx_tim.o ABSOLUTE
    DEVICE_LIB\src\stm32f4xx_usart.c         0x00000000   Number         0  stm32f4xx_usart.o ABSOLUTE
    HARDWARE\\adc.c                          0x00000000   Number         0  adc.o ABSOLUTE
    HARDWARE\\spi.c                          0x00000000   Number         0  spi.o ABSOLUTE
    HARDWARE\\wifi.c                         0x00000000   Number         0  wifi.o ABSOLUTE
    HARDWARE\adc.c                           0x00000000   Number         0  adc.o ABSOLUTE
    HARDWARE\spi.c                           0x00000000   Number         0  spi.o ABSOLUTE
    HARDWARE\wifi.c                          0x00000000   Number         0  wifi.o ABSOLUTE
    SYSTEM\\delay\\delay.c                   0x00000000   Number         0  delay.o ABSOLUTE
    SYSTEM\\sys\\sys.c                       0x00000000   Number         0  sys.o ABSOLUTE
    SYSTEM\\system_stm32f4xx.c               0x00000000   Number         0  system_stm32f4xx.o ABSOLUTE
    SYSTEM\delay\delay.c                     0x00000000   Number         0  delay.o ABSOLUTE
    SYSTEM\sys\sys.c                         0x00000000   Number         0  sys.o ABSOLUTE
    SYSTEM\system_stm32f4xx.c                0x00000000   Number         0  system_stm32f4xx.o ABSOLUTE
    USER\\beep.c                             0x00000000   Number         0  beep.o ABSOLUTE
    USER\\dht11.c                            0x00000000   Number         0  dht11.o ABSOLUTE
    USER\\iic.c                              0x00000000   Number         0  iic.o ABSOLUTE
    USER\\key.c                              0x00000000   Number         0  key.o ABSOLUTE
    USER\\led.c                              0x00000000   Number         0  led.o ABSOLUTE
    USER\\main.c                             0x00000000   Number         0  main.o ABSOLUTE
    USER\\nvic.c                             0x00000000   Number         0  nvic.o ABSOLUTE
    USER\\oled.c                             0x00000000   Number         0  oled.o ABSOLUTE
    USER\\pwm.c                              0x00000000   Number         0  pwm.o ABSOLUTE
    USER\\stm32f4xx_it.c                     0x00000000   Number         0  stm32f4xx_it.o ABSOLUTE
    USER\\systick.c                          0x00000000   Number         0  systick.o ABSOLUTE
    USER\\time.c                             0x00000000   Number         0  time.o ABSOLUTE
    USER\\usart.c                            0x00000000   Number         0  usart.o ABSOLUTE
    USER\beep.c                              0x00000000   Number         0  beep.o ABSOLUTE
    USER\dht11.c                             0x00000000   Number         0  dht11.o ABSOLUTE
    USER\iic.c                               0x00000000   Number         0  iic.o ABSOLUTE
    USER\key.c                               0x00000000   Number         0  key.o ABSOLUTE
    USER\led.c                               0x00000000   Number         0  led.o ABSOLUTE
    USER\main.c                              0x00000000   Number         0  main.o ABSOLUTE
    USER\nvic.c                              0x00000000   Number         0  nvic.o ABSOLUTE
    USER\oled.c                              0x00000000   Number         0  oled.o ABSOLUTE
    USER\pwm.c                               0x00000000   Number         0  pwm.o ABSOLUTE
    USER\stm32f4xx_it.c                      0x00000000   Number         0  stm32f4xx_it.o ABSOLUTE
    USER\systick.c                           0x00000000   Number         0  systick.o ABSOLUTE
    USER\time.c                              0x00000000   Number         0  time.o ABSOLUTE
    USER\usart.c                             0x00000000   Number         0  usart.o ABSOLUTE
    cdrcmple.s                               0x00000000   Number         0  cdrcmple.o ABSOLUTE
    dc.s                                     0x00000000   Number         0  dc.o ABSOLUTE
    handlers.s                               0x00000000   Number         0  handlers.o ABSOLUTE
    init.s                                   0x00000000   Number         0  init.o ABSOLUTE
    RESET                                    0x08000000   Section      392  startup_stm32f40_41xxx.o(RESET)
    .ARM.Collect$$$$00000000                 0x08000188   Section        0  entry.o(.ARM.Collect$$$$00000000)
    .ARM.Collect$$$$00000001                 0x08000188   Section        4  entry2.o(.ARM.Collect$$$$00000001)
    .ARM.Collect$$$$00000004                 0x0800018c   Section        4  entry5.o(.ARM.Collect$$$$00000004)
    .ARM.Collect$$$$00000008                 0x08000190   Section        0  entry7b.o(.ARM.Collect$$$$00000008)
    .ARM.Collect$$$$0000000A                 0x08000190   Section        0  entry8b.o(.ARM.Collect$$$$0000000A)
    .ARM.Collect$$$$0000000B                 0x08000190   Section        8  entry9a.o(.ARM.Collect$$$$0000000B)
    .ARM.Collect$$$$0000000D                 0x08000198   Section        0  entry10a.o(.ARM.Collect$$$$0000000D)
    .ARM.Collect$$$$0000000F                 0x08000198   Section        0  entry11a.o(.ARM.Collect$$$$0000000F)
    .ARM.Collect$$$$00002712                 0x08000198   Section        4  entry2.o(.ARM.Collect$$$$00002712)
    __lit__00000000                          0x08000198   Data           4  entry2.o(.ARM.Collect$$$$00002712)
    .text                                    0x0800019c   Section       36  startup_stm32f40_41xxx.o(.text)
    $v0                                      0x0800019c   Number         0  startup_stm32f40_41xxx.o(.text)
    .text                                    0x080001c0   Section        0  memcpya.o(.text)
    .text                                    0x080001e4   Section        0  strstr.o(.text)
    .text                                    0x08000208   Section        0  strlen.o(.text)
    .text                                    0x08000216   Section        0  uidiv.o(.text)
    .text                                    0x08000244   Section       36  init.o(.text)
    .text                                    0x08000268   Section        0  __dclz77c.o(.text)
    i.ADC_Cmd                                0x080002c6   Section        0  stm32f4xx_adc.o(i.ADC_Cmd)
    i.ADC_CommonInit                         0x080002dc   Section        0  stm32f4xx_adc.o(i.ADC_CommonInit)
    i.ADC_GetConversionValue                 0x0800030c   Section        0  stm32f4xx_adc.o(i.ADC_GetConversionValue)
    i.ADC_GetFlagStatus                      0x08000314   Section        0  stm32f4xx_adc.o(i.ADC_GetFlagStatus)
    i.ADC_Init                               0x08000328   Section        0  stm32f4xx_adc.o(i.ADC_Init)
    i.ADC_RegularChannelConfig               0x0800037c   Section        0  stm32f4xx_adc.o(i.ADC_RegularChannelConfig)
    i.ADC_SoftwareStartConv                  0x08000434   Section        0  stm32f4xx_adc.o(i.ADC_SoftwareStartConv)
    i.Beep_Close                             0x08000440   Section        0  beep.o(i.Beep_Close)
    i.Beep_Init                              0x08000454   Section        0  beep.o(i.Beep_Init)
    i.Beep_Run                               0x08000484   Section        0  beep.o(i.Beep_Run)
    i.Beep_Runs                              0x080004bc   Section        0  beep.o(i.Beep_Runs)
    i.BusFault_Handler                       0x080004d0   Section        0  stm32f4xx_it.o(i.BusFault_Handler)
    i.DHT11_WORK                             0x080004d4   Section        0  dht11.o(i.DHT11_WORK)
    i.DebugMon_Handler                       0x0800052c   Section        0  stm32f4xx_it.o(i.DebugMon_Handler)
    i.EXTI12_Config                          0x0800052e   Section        0  nvic.o(i.EXTI12_Config)
    i.EXTI15_10_IRQHandler                   0x08000560   Section        0  stm32f4xx_it.o(i.EXTI15_10_IRQHandler)
    i.EXTI4_Config                           0x08000580   Section        0  nvic.o(i.EXTI4_Config)
    i.EXTI4_IRQHandler                       0x080005b0   Section        0  stm32f4xx_it.o(i.EXTI4_IRQHandler)
    i.EXTI9_5_Config                         0x080005cc   Section        0  nvic.o(i.EXTI9_5_Config)
    i.EXTI9_5_IRQHandler                     0x08000604   Section        0  stm32f4xx_it.o(i.EXTI9_5_IRQHandler)
    i.EXTI_ClearITPendingBit                 0x0800063c   Section        0  stm32f4xx_exti.o(i.EXTI_ClearITPendingBit)
    i.EXTI_GetITStatus                       0x08000648   Section        0  stm32f4xx_exti.o(i.EXTI_GetITStatus)
    i.EXTI_Init                              0x08000660   Section        0  stm32f4xx_exti.o(i.EXTI_Init)
    i.Fan_Close                              0x080006f4   Section        0  key.o(i.Fan_Close)
    i.Fan_Init                               0x08000708   Section        0  key.o(i.Fan_Init)
    i.Fan_Run                                0x08000738   Section        0  key.o(i.Fan_Run)
    i.GPIO_Init                              0x0800074c   Section        0  stm32f4xx_gpio.o(i.GPIO_Init)
    i.GPIO_PinAFConfig                       0x080007dc   Section        0  stm32f4xx_gpio.o(i.GPIO_PinAFConfig)
    i.GPIO_ReadInputDataBit                  0x08000822   Section        0  stm32f4xx_gpio.o(i.GPIO_ReadInputDataBit)
    i.GPIO_ResetBits                         0x08000834   Section        0  stm32f4xx_gpio.o(i.GPIO_ResetBits)
    i.GPIO_SetBits                           0x08000838   Section        0  stm32f4xx_gpio.o(i.GPIO_SetBits)
    i.GPIO_ToggleBits                        0x0800083c   Section        0  stm32f4xx_gpio.o(i.GPIO_ToggleBits)
    i.GPIO_Write                             0x08000844   Section        0  stm32f4xx_gpio.o(i.GPIO_Write)
    i.HardFault_Handler                      0x08000848   Section        0  stm32f4xx_it.o(i.HardFault_Handler)
    i.IIC_Init                               0x0800084c   Section        0  iic.o(i.IIC_Init)
    i.IIC_get_Ask                            0x08000874   Section        0  iic.o(i.IIC_get_Ask)
    i.IIC_send_Byte                          0x080008b4   Section        0  iic.o(i.IIC_send_Byte)
    i.InitOLed                               0x08000920   Section        0  oled.o(i.InitOLed)
    i.Key_Init                               0x080009d4   Section        0  key.o(i.Key_Init)
    i.Led_Init                               0x08000a24   Section        0  led.o(i.Led_Init)
    i.MemManage_Handler                      0x08000a60   Section        0  stm32f4xx_it.o(i.MemManage_Handler)
    i.NMI_Handler                            0x08000a64   Section        0  stm32f4xx_it.o(i.NMI_Handler)
    i.NVIC_Config                            0x08000a66   Section        0  nvic.o(i.NVIC_Config)
    i.NVIC_Init                              0x08000b48   Section        0  misc.o(i.NVIC_Init)
    i.NVIC_PriorityGroupConfig               0x08000bc0   Section        0  misc.o(i.NVIC_PriorityGroupConfig)
    i.OLed_Fill                              0x08000bd4   Section        0  oled.o(i.OLed_Fill)
    i.OLed_SetPos                            0x08000c0e   Section        0  oled.o(i.OLed_SetPos)
    i.OLed_ShowChina                         0x08000c32   Section        0  oled.o(i.OLed_ShowChina)
    i.Oled_print                             0x08000c7c   Section        0  oled.o(i.Oled_print)
    i.PWM_TIM1_CH1_LED                       0x08000cf0   Section        0  pwm.o(i.PWM_TIM1_CH1_LED)
    i.PendSV_Handler                         0x08000dac   Section        0  stm32f4xx_it.o(i.PendSV_Handler)
    i.Phtores_ADC_Init                       0x08000db0   Section        0  adc.o(i.Phtores_ADC_Init)
    i.RCC_AHB1PeriphClockCmd                 0x08000e24   Section        0  stm32f4xx_rcc.o(i.RCC_AHB1PeriphClockCmd)
    i.RCC_APB1PeriphClockCmd                 0x08000e44   Section        0  stm32f4xx_rcc.o(i.RCC_APB1PeriphClockCmd)
    i.RCC_APB1PeriphResetCmd                 0x08000e64   Section        0  stm32f4xx_rcc.o(i.RCC_APB1PeriphResetCmd)
    i.RCC_APB2PeriphClockCmd                 0x08000e84   Section        0  stm32f4xx_rcc.o(i.RCC_APB2PeriphClockCmd)
    i.RCC_APB2PeriphResetCmd                 0x08000ea4   Section        0  stm32f4xx_rcc.o(i.RCC_APB2PeriphResetCmd)
    i.RCC_GetClocksFreq                      0x08000ec4   Section        0  stm32f4xx_rcc.o(i.RCC_GetClocksFreq)
    i.Read_Bit                               0x08000fac   Section        0  dht11.o(i.Read_Bit)
    i.Read_Byte                              0x08000fec   Section        0  dht11.o(i.Read_Byte)
    i.SET_SDA_IN                             0x08001008   Section        0  iic.o(i.SET_SDA_IN)
    i.SET_SDA_OUT                            0x08001038   Section        0  iic.o(i.SET_SDA_OUT)
    i.SVC_Handler                            0x08001064   Section        0  stm32f4xx_it.o(i.SVC_Handler)
    i.SYSCFG_EXTILineConfig                  0x08001068   Section        0  stm32f4xx_syscfg.o(i.SYSCFG_EXTILineConfig)
    i.Send_Information                       0x080010a8   Section        0  main.o(i.Send_Information)
    i.SetSysClock                            0x08001108   Section        0  system_stm32f4xx.o(i.SetSysClock)
    SetSysClock                              0x08001109   Thumb Code   220  system_stm32f4xx.o(i.SetSysClock)
    i.Set_DHT11_Mode_IN                      0x080011f4   Section        0  dht11.o(i.Set_DHT11_Mode_IN)
    i.Set_DHT11_Mode_OUT                     0x08001224   Section        0  dht11.o(i.Set_DHT11_Mode_OUT)
    i.Set_Device                             0x08001254   Section        0  key.o(i.Set_Device)
    i.Set_LedLight                           0x08001294   Section        0  pwm.o(i.Set_LedLight)
    i.Set_Server_Mode                        0x0800132c   Section        0  wifi.o(i.Set_Server_Mode)
    i.Show_End                               0x0800136c   Section        0  oled.o(i.Show_End)
    i.Show_Welcome                           0x080013f4   Section        0  oled.o(i.Show_Welcome)
    i.Start_ask                              0x08001450   Section        0  dht11.o(i.Start_ask)
    i.Start_signal                           0x080014e4   Section        0  iic.o(i.Start_signal)
    i.Stop_signal                            0x0800151c   Section        0  iic.o(i.Stop_signal)
    i.SysTick_CLKSourceConfig                0x08001554   Section        0  misc.o(i.SysTick_CLKSourceConfig)
    i.SysTick_Handler                        0x0800157c   Section        0  systick.o(i.SysTick_Handler)
    i.SystemInit                             0x08001594   Section        0  system_stm32f4xx.o(i.SystemInit)
    i.TIM3_IRQHandler                        0x080015fc   Section        0  stm32f4xx_it.o(i.TIM3_IRQHandler)
    i.TIM4_IRQHandler                        0x08001624   Section        0  key.o(i.TIM4_IRQHandler)
    i.TIM5_IRQHandler                        0x0800165c   Section        0  stm32f4xx_it.o(i.TIM5_IRQHandler)
    i.TIM6_DAC_IRQHandler                    0x08001678   Section        0  stm32f4xx_it.o(i.TIM6_DAC_IRQHandler)
    i.TIME4_Config                           0x080016a0   Section        0  time.o(i.TIME4_Config)
    i.TIM_ARRPreloadConfig                   0x080016e0   Section        0  stm32f4xx_tim.o(i.TIM_ARRPreloadConfig)
    i.TIM_ClearITPendingBit                  0x080016f8   Section        0  stm32f4xx_tim.o(i.TIM_ClearITPendingBit)
    i.TIM_Cmd                                0x080016fe   Section        0  stm32f4xx_tim.o(i.TIM_Cmd)
    i.TIM_CtrlPWMOutputs                     0x08001716   Section        0  stm32f4xx_tim.o(i.TIM_CtrlPWMOutputs)
    i.TIM_DeInit                             0x08001734   Section        0  stm32f4xx_tim.o(i.TIM_DeInit)
    i.TIM_GetITStatus                        0x080018c4   Section        0  stm32f4xx_tim.o(i.TIM_GetITStatus)
    i.TIM_ITConfig                           0x080018e6   Section        0  stm32f4xx_tim.o(i.TIM_ITConfig)
    i.TIM_OC1Init                            0x080018f8   Section        0  stm32f4xx_tim.o(i.TIM_OC1Init)
    i.TIM_OC1PreloadConfig                   0x08001974   Section        0  stm32f4xx_tim.o(i.TIM_OC1PreloadConfig)
    i.TIM_SetCompare1                        0x08001986   Section        0  stm32f4xx_tim.o(i.TIM_SetCompare1)
    i.TIM_TimeBaseInit                       0x0800198c   Section        0  stm32f4xx_tim.o(i.TIM_TimeBaseInit)
    i.USART1_IRQHandler                      0x08001a10   Section        0  stm32f4xx_it.o(i.USART1_IRQHandler)
    i.USART2_IRQHandler                      0x08001a30   Section        0  stm32f4xx_it.o(i.USART2_IRQHandler)
    i.USART_ClearITPendingBit                0x08001b30   Section        0  stm32f4xx_usart.o(i.USART_ClearITPendingBit)
    i.USART_Cmd                              0x08001b4e   Section        0  stm32f4xx_usart.o(i.USART_Cmd)
    i.USART_GetFlagStatus                    0x08001b66   Section        0  stm32f4xx_usart.o(i.USART_GetFlagStatus)
    i.USART_GetITStatus                      0x08001b80   Section        0  stm32f4xx_usart.o(i.USART_GetITStatus)
    i.USART_ITConfig                         0x08001bd4   Section        0  stm32f4xx_usart.o(i.USART_ITConfig)
    i.USART_Init                             0x08001c20   Section        0  stm32f4xx_usart.o(i.USART_Init)
    i.USART_ReceiveData                      0x08001cf4   Section        0  stm32f4xx_usart.o(i.USART_ReceiveData)
    i.USART_SendData                         0x08001cfe   Section        0  stm32f4xx_usart.o(i.USART_SendData)
    i.UsageFault_Handler                     0x08001d06   Section        0  stm32f4xx_it.o(i.UsageFault_Handler)
    i.Usart2_Config                          0x08001d0c   Section        0  wifi.o(i.Usart2_Config)
    i.Usart2_Send_str                        0x08001dac   Section        0  wifi.o(i.Usart2_Send_str)
    i.Usart_Config                           0x08001de0   Section        0  usart.o(i.Usart_Config)
    i.WriteOLedCmd                           0x08001e78   Section        0  oled.o(i.WriteOLedCmd)
    i.WriteOLedData                          0x08001ea6   Section        0  oled.o(i.WriteOLedData)
    i.__0printf$3                            0x08001ed8   Section        0  printf3.o(i.__0printf$3)
    i.__0sprintf$3                           0x08001ef8   Section        0  printf3.o(i.__0sprintf$3)
    i.__scatterload_copy                     0x08001f20   Section       14  handlers.o(i.__scatterload_copy)
    i.__scatterload_null                     0x08001f2e   Section        2  handlers.o(i.__scatterload_null)
    i.__scatterload_zeroinit                 0x08001f30   Section       14  handlers.o(i.__scatterload_zeroinit)
    i._printf_core                           0x08001f40   Section        0  printf3.o(i._printf_core)
    _printf_core                             0x08001f41   Thumb Code   436  printf3.o(i._printf_core)
    i._sputc                                 0x080020f8   Section        0  printf3.o(i._sputc)
    _sputc                                   0x080020f9   Thumb Code    10  printf3.o(i._sputc)
    i.delay_init                             0x08002104   Section        0  delay.o(i.delay_init)
    i.delay_ms                               0x08002140   Section        0  delay.o(i.delay_ms)
    i.delay_us                               0x08002178   Section        0  delay.o(i.delay_us)
    i.delay_xms                              0x080021c4   Section        0  delay.o(i.delay_xms)
    i.fputc                                  0x08002210   Section        0  usart.o(i.fputc)
    i.getAdcAverage1                         0x08002234   Section        0  adc.o(i.getAdcAverage1)
    i.get_adc_val                            0x08002264   Section        0  adc.o(i.get_adc_val)
    i.key_Select                             0x08002294   Section        0  key.o(i.key_Select)
    i.main                                   0x0800247c   Section        0  main.o(i.main)
    i.oled_test                              0x080024e4   Section        0  oled.o(i.oled_test)
    i.show_Information                       0x0800256c   Section        0  main.o(i.show_Information)
    i.show_mode_1                            0x080025ec   Section        0  oled.o(i.show_mode_1)
    i.show_mode_2                            0x08002618   Section        0  oled.o(i.show_mode_2)
    .constdata                               0x08002644   Section     1520  oled.o(.constdata)
    .constdata                               0x08002c34   Section       76  wifi.o(.constdata)
    .conststring                             0x08002c80   Section      271  wifi.o(.conststring)
    .data                                    0x20000000   Section       32  stm32f4xx_it.o(.data)
    .data                                    0x20000020   Section     1152  key.o(.data)
    .data                                    0x200004a0   Section        4  delay.o(.data)
    fac_us                                   0x200004a0   Data           1  delay.o(.data)
    fac_ms                                   0x200004a2   Data           2  delay.o(.data)
    .data                                    0x200004a4   Section        4  systick.o(.data)
    .data                                    0x200004a8   Section        2  pwm.o(.data)
    last_pwm_value                           0x200004a8   Data           2  pwm.o(.data)
    .data                                    0x200004aa   Section        5  dht11.o(.data)
    .data                                    0x200004af   Section     1184  oled.o(.data)
    .data                                    0x2000094f   Section       16  stm32f4xx_rcc.o(.data)
    APBAHBPrescTable                         0x2000094f   Data          16  stm32f4xx_rcc.o(.data)
    .data                                    0x20000960   Section        4  stdout.o(.data)
    .bss                                     0x20000964   Section     1024  stm32f4xx_it.o(.bss)
    STACK                                    0x20000d68   Section     1024  startup_stm32f40_41xxx.o(STACK)

    Global Symbols

    Symbol Name                              Value     Ov Type        Size  Object(Section)

    BuildAttributes$$THM_ISAv4$E$P$D$K$B$S$7EM$VFPi3$EXTD16$VFPS$VFMA$PE$A:L22UL41UL21$X:L11$S22US41US21$IEEE1$IW$USESV6$~STKCKD$USESV7$~SHL$OSPACE$ROPI$EBA8$MICROLIB$REQ8$PRES8$EABIv2 0x00000000   Number         0  anon$$obj.o ABSOLUTE
    __ARM_use_no_argv                        0x00000000   Number         0  main.o ABSOLUTE
    _printf_a                                0x00000000   Number         0  stubs.o ABSOLUTE
    _printf_c                                0x00000000   Number         0  stubs.o ABSOLUTE
    _printf_charcount                        0x00000000   Number         0  stubs.o ABSOLUTE
    _printf_d                                0x00000000   Number         0  stubs.o ABSOLUTE
    _printf_e                                0x00000000   Number         0  stubs.o ABSOLUTE
    _printf_f                                0x00000000   Number         0  stubs.o ABSOLUTE
    _printf_flags                            0x00000000   Number         0  stubs.o ABSOLUTE
    _printf_fp_dec                           0x00000000   Number         0  stubs.o ABSOLUTE
    _printf_fp_hex                           0x00000000   Number         0  stubs.o ABSOLUTE
    _printf_g                                0x00000000   Number         0  stubs.o ABSOLUTE
    _printf_i                                0x00000000   Number         0  stubs.o ABSOLUTE
    _printf_int_dec                          0x00000000   Number         0  stubs.o ABSOLUTE
    _printf_l                                0x00000000   Number         0  stubs.o ABSOLUTE
    _printf_lc                               0x00000000   Number         0  stubs.o ABSOLUTE
    _printf_ll                               0x00000000   Number         0  stubs.o ABSOLUTE
    _printf_lld                              0x00000000   Number         0  stubs.o ABSOLUTE
    _printf_lli                              0x00000000   Number         0  stubs.o ABSOLUTE
    _printf_llo                              0x00000000   Number         0  stubs.o ABSOLUTE
    _printf_llu                              0x00000000   Number         0  stubs.o ABSOLUTE
    _printf_llx                              0x00000000   Number         0  stubs.o ABSOLUTE
    _printf_longlong_dec                     0x00000000   Number         0  stubs.o ABSOLUTE
    _printf_longlong_hex                     0x00000000   Number         0  stubs.o ABSOLUTE
    _printf_longlong_oct                     0x00000000   Number         0  stubs.o ABSOLUTE
    _printf_ls                               0x00000000   Number         0  stubs.o ABSOLUTE
    _printf_mbtowc                           0x00000000   Number         0  stubs.o ABSOLUTE
    _printf_n                                0x00000000   Number         0  stubs.o ABSOLUTE
    _printf_o                                0x00000000   Number         0  stubs.o ABSOLUTE
    _printf_p                                0x00000000   Number         0  stubs.o ABSOLUTE
    _printf_percent                          0x00000000   Number         0  stubs.o ABSOLUTE
    _printf_pre_padding                      0x00000000   Number         0  stubs.o ABSOLUTE
    _printf_return_value                     0x00000000   Number         0  stubs.o ABSOLUTE
    _printf_s                                0x00000000   Number         0  stubs.o ABSOLUTE
    _printf_sizespec                         0x00000000   Number         0  stubs.o ABSOLUTE
    _printf_str                              0x00000000   Number         0  stubs.o ABSOLUTE
    _printf_truncate_signed                  0x00000000   Number         0  stubs.o ABSOLUTE
    _printf_truncate_unsigned                0x00000000   Number         0  stubs.o ABSOLUTE
    _printf_u                                0x00000000   Number         0  stubs.o ABSOLUTE
    _printf_wc                               0x00000000   Number         0  stubs.o ABSOLUTE
    _printf_wctomb                           0x00000000   Number         0  stubs.o ABSOLUTE
    _printf_widthprec                        0x00000000   Number         0  stubs.o ABSOLUTE
    _printf_x                                0x00000000   Number         0  stubs.o ABSOLUTE
    __cpp_initialize__aeabi_                  - Undefined Weak Reference
    __cxa_finalize                            - Undefined Weak Reference
    _clock_init                               - Undefined Weak Reference
    _microlib_exit                            - Undefined Weak Reference
    __Vectors_Size                           0x00000188   Number         0  startup_stm32f40_41xxx.o ABSOLUTE
    __Vectors                                0x08000000   Data           4  startup_stm32f40_41xxx.o(RESET)
    __Vectors_End                            0x08000188   Data           0  startup_stm32f40_41xxx.o(RESET)
    __main                                   0x08000189   Thumb Code     0  entry.o(.ARM.Collect$$$$00000000)
    _main_stk                                0x08000189   Thumb Code     0  entry2.o(.ARM.Collect$$$$00000001)
    _main_scatterload                        0x0800018d   Thumb Code     0  entry5.o(.ARM.Collect$$$$00000004)
    __main_after_scatterload                 0x08000191   Thumb Code     0  entry5.o(.ARM.Collect$$$$00000004)
    _main_clock                              0x08000191   Thumb Code     0  entry7b.o(.ARM.Collect$$$$00000008)
    _main_cpp_init                           0x08000191   Thumb Code     0  entry8b.o(.ARM.Collect$$$$0000000A)
    _main_init                               0x08000191   Thumb Code     0  entry9a.o(.ARM.Collect$$$$0000000B)
    __rt_final_cpp                           0x08000199   Thumb Code     0  entry10a.o(.ARM.Collect$$$$0000000D)
    __rt_final_exit                          0x08000199   Thumb Code     0  entry11a.o(.ARM.Collect$$$$0000000F)
    Reset_Handler                            0x0800019d   Thumb Code     8  startup_stm32f40_41xxx.o(.text)
    ADC_IRQHandler                           0x080001b7   Thumb Code     0  startup_stm32f40_41xxx.o(.text)
    CAN1_RX0_IRQHandler                      0x080001b7   Thumb Code     0  startup_stm32f40_41xxx.o(.text)
    CAN1_RX1_IRQHandler                      0x080001b7   Thumb Code     0  startup_stm32f40_41xxx.o(.text)
    CAN1_SCE_IRQHandler                      0x080001b7   Thumb Code     0  startup_stm32f40_41xxx.o(.text)
    CAN1_TX_IRQHandler                       0x080001b7   Thumb Code     0  startup_stm32f40_41xxx.o(.text)
    CAN2_RX0_IRQHandler                      0x080001b7   Thumb Code     0  startup_stm32f40_41xxx.o(.text)
    CAN2_RX1_IRQHandler                      0x080001b7   Thumb Code     0  startup_stm32f40_41xxx.o(.text)
    CAN2_SCE_IRQHandler                      0x080001b7   Thumb Code     0  startup_stm32f40_41xxx.o(.text)
    CAN2_TX_IRQHandler                       0x080001b7   Thumb Code     0  startup_stm32f40_41xxx.o(.text)
    CRYP_IRQHandler                          0x080001b7   Thumb Code     0  startup_stm32f40_41xxx.o(.text)
    DCMI_IRQHandler                          0x080001b7   Thumb Code     0  startup_stm32f40_41xxx.o(.text)
    DMA1_Stream0_IRQHandler                  0x080001b7   Thumb Code     0  startup_stm32f40_41xxx.o(.text)
    DMA1_Stream1_IRQHandler                  0x080001b7   Thumb Code     0  startup_stm32f40_41xxx.o(.text)
    DMA1_Stream2_IRQHandler                  0x080001b7   Thumb Code     0  startup_stm32f40_41xxx.o(.text)
    DMA1_Stream3_IRQHandler                  0x080001b7   Thumb Code     0  startup_stm32f40_41xxx.o(.text)
    DMA1_Stream4_IRQHandler                  0x080001b7   Thumb Code     0  startup_stm32f40_41xxx.o(.text)
    DMA1_Stream5_IRQHandler                  0x080001b7   Thumb Code     0  startup_stm32f40_41xxx.o(.text)
    DMA1_Stream6_IRQHandler                  0x080001b7   Thumb Code     0  startup_stm32f40_41xxx.o(.text)
    DMA1_Stream7_IRQHandler                  0x080001b7   Thumb Code     0  startup_stm32f40_41xxx.o(.text)
    DMA2_Stream0_IRQHandler                  0x080001b7   Thumb Code     0  startup_stm32f40_41xxx.o(.text)
    DMA2_Stream1_IRQHandler                  0x080001b7   Thumb Code     0  startup_stm32f40_41xxx.o(.text)
    DMA2_Stream2_IRQHandler                  0x080001b7   Thumb Code     0  startup_stm32f40_41xxx.o(.text)
    DMA2_Stream3_IRQHandler                  0x080001b7   Thumb Code     0  startup_stm32f40_41xxx.o(.text)
    DMA2_Stream4_IRQHandler                  0x080001b7   Thumb Code     0  startup_stm32f40_41xxx.o(.text)
    DMA2_Stream5_IRQHandler                  0x080001b7   Thumb Code     0  startup_stm32f40_41xxx.o(.text)
    DMA2_Stream6_IRQHandler                  0x080001b7   Thumb Code     0  startup_stm32f40_41xxx.o(.text)
    DMA2_Stream7_IRQHandler                  0x080001b7   Thumb Code     0  startup_stm32f40_41xxx.o(.text)
    ETH_IRQHandler                           0x080001b7   Thumb Code     0  startup_stm32f40_41xxx.o(.text)
    ETH_WKUP_IRQHandler                      0x080001b7   Thumb Code     0  startup_stm32f40_41xxx.o(.text)
    EXTI0_IRQHandler                         0x080001b7   Thumb Code     0  startup_stm32f40_41xxx.o(.text)
    EXTI1_IRQHandler                         0x080001b7   Thumb Code     0  startup_stm32f40_41xxx.o(.text)
    EXTI2_IRQHandler                         0x080001b7   Thumb Code     0  startup_stm32f40_41xxx.o(.text)
    EXTI3_IRQHandler                         0x080001b7   Thumb Code     0  startup_stm32f40_41xxx.o(.text)
    FLASH_IRQHandler                         0x080001b7   Thumb Code     0  startup_stm32f40_41xxx.o(.text)
    FPU_IRQHandler                           0x080001b7   Thumb Code     0  startup_stm32f40_41xxx.o(.text)
    FSMC_IRQHandler                          0x080001b7   Thumb Code     0  startup_stm32f40_41xxx.o(.text)
    HASH_RNG_IRQHandler                      0x080001b7   Thumb Code     0  startup_stm32f40_41xxx.o(.text)
    I2C1_ER_IRQHandler                       0x080001b7   Thumb Code     0  startup_stm32f40_41xxx.o(.text)
    I2C1_EV_IRQHandler                       0x080001b7   Thumb Code     0  startup_stm32f40_41xxx.o(.text)
    I2C2_ER_IRQHandler                       0x080001b7   Thumb Code     0  startup_stm32f40_41xxx.o(.text)
    I2C2_EV_IRQHandler                       0x080001b7   Thumb Code     0  startup_stm32f40_41xxx.o(.text)
    I2C3_ER_IRQHandler                       0x080001b7   Thumb Code     0  startup_stm32f40_41xxx.o(.text)
    I2C3_EV_IRQHandler                       0x080001b7   Thumb Code     0  startup_stm32f40_41xxx.o(.text)
    OTG_FS_IRQHandler                        0x080001b7   Thumb Code     0  startup_stm32f40_41xxx.o(.text)
    OTG_FS_WKUP_IRQHandler                   0x080001b7   Thumb Code     0  startup_stm32f40_41xxx.o(.text)
    OTG_HS_EP1_IN_IRQHandler                 0x080001b7   Thumb Code     0  startup_stm32f40_41xxx.o(.text)
    OTG_HS_EP1_OUT_IRQHandler                0x080001b7   Thumb Code     0  startup_stm32f40_41xxx.o(.text)
    OTG_HS_IRQHandler                        0x080001b7   Thumb Code     0  startup_stm32f40_41xxx.o(.text)
    OTG_HS_WKUP_IRQHandler                   0x080001b7   Thumb Code     0  startup_stm32f40_41xxx.o(.text)
    PVD_IRQHandler                           0x080001b7   Thumb Code     0  startup_stm32f40_41xxx.o(.text)
    RCC_IRQHandler                           0x080001b7   Thumb Code     0  startup_stm32f40_41xxx.o(.text)
    RTC_Alarm_IRQHandler                     0x080001b7   Thumb Code     0  startup_stm32f40_41xxx.o(.text)
    RTC_WKUP_IRQHandler                      0x080001b7   Thumb Code     0  startup_stm32f40_41xxx.o(.text)
    SDIO_IRQHandler                          0x080001b7   Thumb Code     0  startup_stm32f40_41xxx.o(.text)
    SPI1_IRQHandler                          0x080001b7   Thumb Code     0  startup_stm32f40_41xxx.o(.text)
    SPI2_IRQHandler                          0x080001b7   Thumb Code     0  startup_stm32f40_41xxx.o(.text)
    SPI3_IRQHandler                          0x080001b7   Thumb Code     0  startup_stm32f40_41xxx.o(.text)
    TAMP_STAMP_IRQHandler                    0x080001b7   Thumb Code     0  startup_stm32f40_41xxx.o(.text)
    TIM1_BRK_TIM9_IRQHandler                 0x080001b7   Thumb Code     0  startup_stm32f40_41xxx.o(.text)
    TIM1_CC_IRQHandler                       0x080001b7   Thumb Code     0  startup_stm32f40_41xxx.o(.text)
    TIM1_TRG_COM_TIM11_IRQHandler            0x080001b7   Thumb Code     0  startup_stm32f40_41xxx.o(.text)
    TIM1_UP_TIM10_IRQHandler                 0x080001b7   Thumb Code     0  startup_stm32f40_41xxx.o(.text)
    TIM2_IRQHandler                          0x080001b7   Thumb Code     0  startup_stm32f40_41xxx.o(.text)
    TIM7_IRQHandler                          0x080001b7   Thumb Code     0  startup_stm32f40_41xxx.o(.text)
    TIM8_BRK_TIM12_IRQHandler                0x080001b7   Thumb Code     0  startup_stm32f40_41xxx.o(.text)
    TIM8_CC_IRQHandler                       0x080001b7   Thumb Code     0  startup_stm32f40_41xxx.o(.text)
    TIM8_TRG_COM_TIM14_IRQHandler            0x080001b7   Thumb Code     0  startup_stm32f40_41xxx.o(.text)
    TIM8_UP_TIM13_IRQHandler                 0x080001b7   Thumb Code     0  startup_stm32f40_41xxx.o(.text)
    UART4_IRQHandler                         0x080001b7   Thumb Code     0  startup_stm32f40_41xxx.o(.text)
    UART5_IRQHandler                         0x080001b7   Thumb Code     0  startup_stm32f40_41xxx.o(.text)
    USART3_IRQHandler                        0x080001b7   Thumb Code     0  startup_stm32f40_41xxx.o(.text)
    USART6_IRQHandler                        0x080001b7   Thumb Code     0  startup_stm32f40_41xxx.o(.text)
    WWDG_IRQHandler                          0x080001b7   Thumb Code     0  startup_stm32f40_41xxx.o(.text)
    __aeabi_memcpy                           0x080001c1   Thumb Code    36  memcpya.o(.text)
    __aeabi_memcpy4                          0x080001c1   Thumb Code     0  memcpya.o(.text)
    __aeabi_memcpy8                          0x080001c1   Thumb Code     0  memcpya.o(.text)
    strstr                                   0x080001e5   Thumb Code    36  strstr.o(.text)
    strlen                                   0x08000209   Thumb Code    14  strlen.o(.text)
    __aeabi_uidiv                            0x08000217   Thumb Code     0  uidiv.o(.text)
    __aeabi_uidivmod                         0x08000217   Thumb Code    44  uidiv.o(.text)
    __scatterload                            0x08000245   Thumb Code    28  init.o(.text)
    __scatterload_rt2                        0x08000245   Thumb Code     0  init.o(.text)
    __decompress                             0x08000269   Thumb Code     0  __dclz77c.o(.text)
    __decompress2                            0x08000269   Thumb Code    94  __dclz77c.o(.text)
    ADC_Cmd                                  0x080002c7   Thumb Code    22  stm32f4xx_adc.o(i.ADC_Cmd)
    ADC_CommonInit                           0x080002dd   Thumb Code    34  stm32f4xx_adc.o(i.ADC_CommonInit)
    ADC_GetConversionValue                   0x0800030d   Thumb Code     8  stm32f4xx_adc.o(i.ADC_GetConversionValue)
    ADC_GetFlagStatus                        0x08000315   Thumb Code    18  stm32f4xx_adc.o(i.ADC_GetFlagStatus)
    ADC_Init                                 0x08000329   Thumb Code    74  stm32f4xx_adc.o(i.ADC_Init)
    ADC_RegularChannelConfig                 0x0800037d   Thumb Code   184  stm32f4xx_adc.o(i.ADC_RegularChannelConfig)
    ADC_SoftwareStartConv                    0x08000435   Thumb Code    10  stm32f4xx_adc.o(i.ADC_SoftwareStartConv)
    Beep_Close                               0x08000441   Thumb Code    14  beep.o(i.Beep_Close)
    Beep_Init                                0x08000455   Thumb Code    44  beep.o(i.Beep_Init)
    Beep_Run                                 0x08000485   Thumb Code    50  beep.o(i.Beep_Run)
    Beep_Runs                                0x080004bd   Thumb Code    14  beep.o(i.Beep_Runs)
    BusFault_Handler                         0x080004d1   Thumb Code     4  stm32f4xx_it.o(i.BusFault_Handler)
    DHT11_WORK                               0x080004d5   Thumb Code    84  dht11.o(i.DHT11_WORK)
    DebugMon_Handler                         0x0800052d   Thumb Code     2  stm32f4xx_it.o(i.DebugMon_Handler)
    EXTI12_Config                            0x0800052f   Thumb Code    50  nvic.o(i.EXTI12_Config)
    EXTI15_10_IRQHandler                     0x08000561   Thumb Code    28  stm32f4xx_it.o(i.EXTI15_10_IRQHandler)
    EXTI4_Config                             0x08000581   Thumb Code    48  nvic.o(i.EXTI4_Config)
    EXTI4_IRQHandler                         0x080005b1   Thumb Code    24  stm32f4xx_it.o(i.EXTI4_IRQHandler)
    EXTI9_5_Config                           0x080005cd   Thumb Code    56  nvic.o(i.EXTI9_5_Config)
    EXTI9_5_IRQHandler                       0x08000605   Thumb Code    46  stm32f4xx_it.o(i.EXTI9_5_IRQHandler)
    EXTI_ClearITPendingBit                   0x0800063d   Thumb Code     6  stm32f4xx_exti.o(i.EXTI_ClearITPendingBit)
    EXTI_GetITStatus                         0x08000649   Thumb Code    20  stm32f4xx_exti.o(i.EXTI_GetITStatus)
    EXTI_Init                                0x08000661   Thumb Code   142  stm32f4xx_exti.o(i.EXTI_Init)
    Fan_Close                                0x080006f5   Thumb Code    14  key.o(i.Fan_Close)
    Fan_Init                                 0x08000709   Thumb Code    42  key.o(i.Fan_Init)
    Fan_Run                                  0x08000739   Thumb Code    14  key.o(i.Fan_Run)
    GPIO_Init                                0x0800074d   Thumb Code   144  stm32f4xx_gpio.o(i.GPIO_Init)
    GPIO_PinAFConfig                         0x080007dd   Thumb Code    70  stm32f4xx_gpio.o(i.GPIO_PinAFConfig)
    GPIO_ReadInputDataBit                    0x08000823   Thumb Code    18  stm32f4xx_gpio.o(i.GPIO_ReadInputDataBit)
    GPIO_ResetBits                           0x08000835   Thumb Code     4  stm32f4xx_gpio.o(i.GPIO_ResetBits)
    GPIO_SetBits                             0x08000839   Thumb Code     4  stm32f4xx_gpio.o(i.GPIO_SetBits)
    GPIO_ToggleBits                          0x0800083d   Thumb Code     8  stm32f4xx_gpio.o(i.GPIO_ToggleBits)
    GPIO_Write                               0x08000845   Thumb Code     4  stm32f4xx_gpio.o(i.GPIO_Write)
    HardFault_Handler                        0x08000849   Thumb Code     4  stm32f4xx_it.o(i.HardFault_Handler)
    IIC_Init                                 0x0800084d   Thumb Code    34  iic.o(i.IIC_Init)
    IIC_get_Ask                              0x08000875   Thumb Code    60  iic.o(i.IIC_get_Ask)
    IIC_send_Byte                            0x080008b5   Thumb Code   102  iic.o(i.IIC_send_Byte)
    InitOLed                                 0x08000921   Thumb Code   178  oled.o(i.InitOLed)
    Key_Init                                 0x080009d5   Thumb Code    70  key.o(i.Key_Init)
    Led_Init                                 0x08000a25   Thumb Code    54  led.o(i.Led_Init)
    MemManage_Handler                        0x08000a61   Thumb Code     4  stm32f4xx_it.o(i.MemManage_Handler)
    NMI_Handler                              0x08000a65   Thumb Code     2  stm32f4xx_it.o(i.NMI_Handler)
    NVIC_Config                              0x08000a67   Thumb Code   226  nvic.o(i.NVIC_Config)
    NVIC_Init                                0x08000b49   Thumb Code   106  misc.o(i.NVIC_Init)
    NVIC_PriorityGroupConfig                 0x08000bc1   Thumb Code    10  misc.o(i.NVIC_PriorityGroupConfig)
    OLed_Fill                                0x08000bd5   Thumb Code    58  oled.o(i.OLed_Fill)
    OLed_SetPos                              0x08000c0f   Thumb Code    36  oled.o(i.OLed_SetPos)
    OLed_ShowChina                           0x08000c33   Thumb Code    74  oled.o(i.OLed_ShowChina)
    Oled_print                               0x08000c7d   Thumb Code   112  oled.o(i.Oled_print)
    PWM_TIM1_CH1_LED                         0x08000cf1   Thumb Code   180  pwm.o(i.PWM_TIM1_CH1_LED)
    PendSV_Handler                           0x08000dad   Thumb Code     2  stm32f4xx_it.o(i.PendSV_Handler)
    Phtores_ADC_Init                         0x08000db1   Thumb Code   106  adc.o(i.Phtores_ADC_Init)
    RCC_AHB1PeriphClockCmd                   0x08000e25   Thumb Code    26  stm32f4xx_rcc.o(i.RCC_AHB1PeriphClockCmd)
    RCC_APB1PeriphClockCmd                   0x08000e45   Thumb Code    26  stm32f4xx_rcc.o(i.RCC_APB1PeriphClockCmd)
    RCC_APB1PeriphResetCmd                   0x08000e65   Thumb Code    26  stm32f4xx_rcc.o(i.RCC_APB1PeriphResetCmd)
    RCC_APB2PeriphClockCmd                   0x08000e85   Thumb Code    26  stm32f4xx_rcc.o(i.RCC_APB2PeriphClockCmd)
    RCC_APB2PeriphResetCmd                   0x08000ea5   Thumb Code    26  stm32f4xx_rcc.o(i.RCC_APB2PeriphResetCmd)
    RCC_GetClocksFreq                        0x08000ec5   Thumb Code   214  stm32f4xx_rcc.o(i.RCC_GetClocksFreq)
    Read_Bit                                 0x08000fad   Thumb Code    58  dht11.o(i.Read_Bit)
    Read_Byte                                0x08000fed   Thumb Code    28  dht11.o(i.Read_Byte)
    SET_SDA_IN                               0x08001009   Thumb Code    42  iic.o(i.SET_SDA_IN)
    SET_SDA_OUT                              0x08001039   Thumb Code    40  iic.o(i.SET_SDA_OUT)
    SVC_Handler                              0x08001065   Thumb Code     2  stm32f4xx_it.o(i.SVC_Handler)
    SYSCFG_EXTILineConfig                    0x08001069   Thumb Code    60  stm32f4xx_syscfg.o(i.SYSCFG_EXTILineConfig)
    Send_Information                         0x080010a9   Thumb Code    62  main.o(i.Send_Information)
    Set_DHT11_Mode_IN                        0x080011f5   Thumb Code    42  dht11.o(i.Set_DHT11_Mode_IN)
    Set_DHT11_Mode_OUT                       0x08001225   Thumb Code    42  dht11.o(i.Set_DHT11_Mode_OUT)
    Set_Device                               0x08001255   Thumb Code    62  key.o(i.Set_Device)
    Set_LedLight                             0x08001295   Thumb Code   122  pwm.o(i.Set_LedLight)
    Set_Server_Mode                          0x0800132d   Thumb Code    54  wifi.o(i.Set_Server_Mode)
    Show_End                                 0x0800136d   Thumb Code   106  oled.o(i.Show_End)
    Show_Welcome                             0x080013f5   Thumb Code    82  oled.o(i.Show_Welcome)
    Start_ask                                0x08001451   Thumb Code   144  dht11.o(i.Start_ask)
    Start_signal                             0x080014e5   Thumb Code    52  iic.o(i.Start_signal)
    Stop_signal                              0x0800151d   Thumb Code    52  iic.o(i.Stop_signal)
    SysTick_CLKSourceConfig                  0x08001555   Thumb Code    40  misc.o(i.SysTick_CLKSourceConfig)
    SysTick_Handler                          0x0800157d   Thumb Code    18  systick.o(i.SysTick_Handler)
    SystemInit                               0x08001595   Thumb Code    88  system_stm32f4xx.o(i.SystemInit)
    TIM3_IRQHandler                          0x080015fd   Thumb Code    32  stm32f4xx_it.o(i.TIM3_IRQHandler)
    TIM4_IRQHandler                          0x08001625   Thumb Code    38  key.o(i.TIM4_IRQHandler)
    TIM5_IRQHandler                          0x0800165d   Thumb Code    22  stm32f4xx_it.o(i.TIM5_IRQHandler)
    TIM6_DAC_IRQHandler                      0x08001679   Thumb Code    32  stm32f4xx_it.o(i.TIM6_DAC_IRQHandler)
    TIME4_Config                             0x080016a1   Thumb Code    58  time.o(i.TIME4_Config)
    TIM_ARRPreloadConfig                     0x080016e1   Thumb Code    24  stm32f4xx_tim.o(i.TIM_ARRPreloadConfig)
    TIM_ClearITPendingBit                    0x080016f9   Thumb Code     6  stm32f4xx_tim.o(i.TIM_ClearITPendingBit)
    TIM_Cmd                                  0x080016ff   Thumb Code    24  stm32f4xx_tim.o(i.TIM_Cmd)
    TIM_CtrlPWMOutputs                       0x08001717   Thumb Code    30  stm32f4xx_tim.o(i.TIM_CtrlPWMOutputs)
    TIM_DeInit                               0x08001735   Thumb Code   346  stm32f4xx_tim.o(i.TIM_DeInit)
    TIM_GetITStatus                          0x080018c5   Thumb Code    34  stm32f4xx_tim.o(i.TIM_GetITStatus)
    TIM_ITConfig                             0x080018e7   Thumb Code    18  stm32f4xx_tim.o(i.TIM_ITConfig)
    TIM_OC1Init                              0x080018f9   Thumb Code   114  stm32f4xx_tim.o(i.TIM_OC1Init)
    TIM_OC1PreloadConfig                     0x08001975   Thumb Code    18  stm32f4xx_tim.o(i.TIM_OC1PreloadConfig)
    TIM_SetCompare1                          0x08001987   Thumb Code     4  stm32f4xx_tim.o(i.TIM_SetCompare1)
    TIM_TimeBaseInit                         0x0800198d   Thumb Code   104  stm32f4xx_tim.o(i.TIM_TimeBaseInit)
    USART1_IRQHandler                        0x08001a11   Thumb Code    28  stm32f4xx_it.o(i.USART1_IRQHandler)
    USART2_IRQHandler                        0x08001a31   Thumb Code   204  stm32f4xx_it.o(i.USART2_IRQHandler)
    USART_ClearITPendingBit                  0x08001b31   Thumb Code    30  stm32f4xx_usart.o(i.USART_ClearITPendingBit)
    USART_Cmd                                0x08001b4f   Thumb Code    24  stm32f4xx_usart.o(i.USART_Cmd)
    USART_GetFlagStatus                      0x08001b67   Thumb Code    26  stm32f4xx_usart.o(i.USART_GetFlagStatus)
    USART_GetITStatus                        0x08001b81   Thumb Code    84  stm32f4xx_usart.o(i.USART_GetITStatus)
    USART_ITConfig                           0x08001bd5   Thumb Code    74  stm32f4xx_usart.o(i.USART_ITConfig)
    USART_Init                               0x08001c21   Thumb Code   204  stm32f4xx_usart.o(i.USART_Init)
    USART_ReceiveData                        0x08001cf5   Thumb Code    10  stm32f4xx_usart.o(i.USART_ReceiveData)
    USART_SendData                           0x08001cff   Thumb Code     8  stm32f4xx_usart.o(i.USART_SendData)
    UsageFault_Handler                       0x08001d07   Thumb Code     4  stm32f4xx_it.o(i.UsageFault_Handler)
    Usart2_Config                            0x08001d0d   Thumb Code   152  wifi.o(i.Usart2_Config)
    Usart2_Send_str                          0x08001dad   Thumb Code    48  wifi.o(i.Usart2_Send_str)
    Usart_Config                             0x08001de1   Thumb Code   142  usart.o(i.Usart_Config)
    WriteOLedCmd                             0x08001e79   Thumb Code    46  oled.o(i.WriteOLedCmd)
    WriteOLedData                            0x08001ea7   Thumb Code    50  oled.o(i.WriteOLedData)
    __0printf$3                              0x08001ed9   Thumb Code    22  printf3.o(i.__0printf$3)
    __1printf$3                              0x08001ed9   Thumb Code     0  printf3.o(i.__0printf$3)
    __2printf                                0x08001ed9   Thumb Code     0  printf3.o(i.__0printf$3)
    __0sprintf$3                             0x08001ef9   Thumb Code    34  printf3.o(i.__0sprintf$3)
    __1sprintf$3                             0x08001ef9   Thumb Code     0  printf3.o(i.__0sprintf$3)
    __2sprintf                               0x08001ef9   Thumb Code     0  printf3.o(i.__0sprintf$3)
    __scatterload_copy                       0x08001f21   Thumb Code    14  handlers.o(i.__scatterload_copy)
    __scatterload_null                       0x08001f2f   Thumb Code     2  handlers.o(i.__scatterload_null)
    __scatterload_zeroinit                   0x08001f31   Thumb Code    14  handlers.o(i.__scatterload_zeroinit)
    delay_init                               0x08002105   Thumb Code    52  delay.o(i.delay_init)
    delay_ms                                 0x08002141   Thumb Code    56  delay.o(i.delay_ms)
    delay_us                                 0x08002179   Thumb Code    72  delay.o(i.delay_us)
    delay_xms                                0x080021c5   Thumb Code    72  delay.o(i.delay_xms)
    fputc                                    0x08002211   Thumb Code    30  usart.o(i.fputc)
    getAdcAverage1                           0x08002235   Thumb Code    46  adc.o(i.getAdcAverage1)
    get_adc_val                              0x08002265   Thumb Code    42  adc.o(i.get_adc_val)
    key_Select                               0x08002295   Thumb Code   390  key.o(i.key_Select)
    main                                     0x0800247d   Thumb Code    86  main.o(i.main)
    oled_test                                0x080024e5   Thumb Code   110  oled.o(i.oled_test)
    show_Information                         0x0800256d   Thumb Code   118  main.o(i.show_Information)
    show_mode_1                              0x080025ed   Thumb Code    38  oled.o(i.show_mode_1)
    show_mode_2                              0x08002619   Thumb Code    38  oled.o(i.show_mode_2)
    F8X16                                    0x08002644   Data        1520  oled.o(.constdata)
    Region$$Table$$Base                      0x08002d90   Number         0  anon$$obj.o(Region$$Table)
    Region$$Table$$Limit                     0x08002db0   Number         0  anon$$obj.o(Region$$Table)
    key_flag                                 0x20000000   Data           4  stm32f4xx_it.o(.data)
    key2_flag                                0x20000004   Data           4  stm32f4xx_it.o(.data)
    key3_flag                                0x20000008   Data           4  stm32f4xx_it.o(.data)
    key4_flag                                0x2000000c   Data           4  stm32f4xx_it.o(.data)
    data                                     0x20000010   Data           1  stm32f4xx_it.o(.data)
    wifi_rec_flag                            0x20000014   Data           4  stm32f4xx_it.o(.data)
    wifi_work_flag                           0x20000018   Data           4  stm32f4xx_it.o(.data)
    wifi_len                                 0x2000001c   Data           4  stm32f4xx_it.o(.data)
    choose                                   0x20000020   Data           2  key.o(.data)
    time                                     0x20000022   Data           2  key.o(.data)
    tone                                     0x20000024   Data          76  key.o(.data)
    Music                                    0x20000070   Data        1054  key.o(.data)
    All_flag                                 0x20000490   Data           4  key.o(.data)
    humi                                     0x20000494   Data           1  key.o(.data)
    temp                                     0x20000495   Data           1  key.o(.data)
    val                                      0x20000496   Data           2  key.o(.data)
    Fan_flage                                0x20000498   Data           4  key.o(.data)
    mode_flage                               0x2000049c   Data           4  key.o(.data)
    Timedelay                                0x200004a4   Data           4  systick.o(.data)
    buf                                      0x200004aa   Data           5  dht11.o(.data)
    HZ1                                      0x200004af   Data          32  oled.o(.data)
    HZ2                                      0x200004cf   Data          32  oled.o(.data)
    HZ3                                      0x200004ef   Data          32  oled.o(.data)
    HZ4                                      0x2000050f   Data          32  oled.o(.data)
    HZ5                                      0x2000052f   Data          32  oled.o(.data)
    HZ6                                      0x2000054f   Data          32  oled.o(.data)
    HZ7                                      0x2000056f   Data          32  oled.o(.data)
    HZ8                                      0x2000058f   Data          32  oled.o(.data)
    HZ9                                      0x200005af   Data          32  oled.o(.data)
    HZ10                                     0x200005cf   Data          32  oled.o(.data)
    HZ11                                     0x200005ef   Data          32  oled.o(.data)
    HZ12                                     0x2000060f   Data          32  oled.o(.data)
    HZ13                                     0x2000062f   Data          32  oled.o(.data)
    huan                                     0x2000064f   Data          32  oled.o(.data)
    yin                                      0x2000066f   Data          32  oled.o(.data)
    guan                                     0x2000068f   Data          32  oled.o(.data)
    ji                                       0x200006af   Data          32  oled.o(.data)
    cheng                                    0x200006cf   Data          32  oled.o(.data)
    gong                                     0x200006ef   Data          32  oled.o(.data)
    welcome                                  0x2000070f   Data         128  oled.o(.data)
    system                                   0x2000078f   Data         192  oled.o(.data)
    mode_1                                   0x2000084f   Data         128  oled.o(.data)
    mode_2                                   0x200008cf   Data         128  oled.o(.data)
    __stdout                                 0x20000960   Data           4  stdout.o(.data)
    wifi_buf                                 0x20000964   Data        1024  stm32f4xx_it.o(.bss)
    __initial_sp                             0x20001168   Data           0  startup_stm32f40_41xxx.o(STACK)



==============================================================================

Memory Map of the image

  Image Entry point : 0x08000189

  Load Region LR_IROM1 (Base: 0x08000000, Size: 0x00003714, Max: 0x00080000, ABSOLUTE, COMPRESSED[0x0000327c])

    Execution Region ER_IROM1 (Base: 0x08000000, Size: 0x00002db0, Max: 0x00080000, ABSOLUTE)

    Base Addr    Size         Type   Attr      Idx    E Section Name        Object

    0x08000000   0x00000188   Data   RO            3    RESET               startup_stm32f40_41xxx.o
    0x08000188   0x00000000   Code   RO         2919  * .ARM.Collect$$$$00000000  mc_w.l(entry.o)
    0x08000188   0x00000004   Code   RO         3197    .ARM.Collect$$$$00000001  mc_w.l(entry2.o)
    0x0800018c   0x00000004   Code   RO         3200    .ARM.Collect$$$$00000004  mc_w.l(entry5.o)
    0x08000190   0x00000000   Code   RO         3202    .ARM.Collect$$$$00000008  mc_w.l(entry7b.o)
    0x08000190   0x00000000   Code   RO         3204    .ARM.Collect$$$$0000000A  mc_w.l(entry8b.o)
    0x08000190   0x00000008   Code   RO         3205    .ARM.Collect$$$$0000000B  mc_w.l(entry9a.o)
    0x08000198   0x00000000   Code   RO         3207    .ARM.Collect$$$$0000000D  mc_w.l(entry10a.o)
    0x08000198   0x00000000   Code   RO         3209    .ARM.Collect$$$$0000000F  mc_w.l(entry11a.o)
    0x08000198   0x00000004   Code   RO         3198    .ARM.Collect$$$$00002712  mc_w.l(entry2.o)
    0x0800019c   0x00000024   Code   RO            4    .text               startup_stm32f40_41xxx.o
    0x080001c0   0x00000024   Code   RO         2922    .text               mc_w.l(memcpya.o)
    0x080001e4   0x00000024   Code   RO         2924    .text               mc_w.l(strstr.o)
    0x08000208   0x0000000e   Code   RO         2926    .text               mc_w.l(strlen.o)
    0x08000216   0x0000002c   Code   RO         3212    .text               mc_w.l(uidiv.o)
    0x08000242   0x00000002   PAD
    0x08000244   0x00000024   Code   RO         3229    .text               mc_w.l(init.o)
    0x08000268   0x0000005e   Code   RO         3243    .text               mc_w.l(__dclz77c.o)
    0x080002c6   0x00000016   Code   RO         1221    i.ADC_Cmd           stm32f4xx_adc.o
    0x080002dc   0x00000030   Code   RO         1222    i.ADC_CommonInit    stm32f4xx_adc.o
    0x0800030c   0x00000008   Code   RO         1233    i.ADC_GetConversionValue  stm32f4xx_adc.o
    0x08000314   0x00000012   Code   RO         1234    i.ADC_GetFlagStatus  stm32f4xx_adc.o
    0x08000326   0x00000002   PAD
    0x08000328   0x00000054   Code   RO         1241    i.ADC_Init          stm32f4xx_adc.o
    0x0800037c   0x000000b8   Code   RO         1246    i.ADC_RegularChannelConfig  stm32f4xx_adc.o
    0x08000434   0x0000000a   Code   RO         1248    i.ADC_SoftwareStartConv  stm32f4xx_adc.o
    0x0800043e   0x00000002   PAD
    0x08000440   0x00000014   Code   RO          456    i.Beep_Close        beep.o
    0x08000454   0x00000030   Code   RO          457    i.Beep_Init         beep.o
    0x08000484   0x00000038   Code   RO          458    i.Beep_Run          beep.o
    0x080004bc   0x00000014   Code   RO          459    i.Beep_Runs         beep.o
    0x080004d0   0x00000004   Code   RO          208    i.BusFault_Handler  stm32f4xx_it.o
    0x080004d4   0x00000058   Code   RO          751    i.DHT11_WORK        dht11.o
    0x0800052c   0x00000002   Code   RO          209    i.DebugMon_Handler  stm32f4xx_it.o
    0x0800052e   0x00000032   Code   RO          564    i.EXTI12_Config     nvic.o
    0x08000560   0x00000020   Code   RO          210    i.EXTI15_10_IRQHandler  stm32f4xx_it.o
    0x08000580   0x00000030   Code   RO          565    i.EXTI4_Config      nvic.o
    0x080005b0   0x0000001c   Code   RO          211    i.EXTI4_IRQHandler  stm32f4xx_it.o
    0x080005cc   0x00000038   Code   RO          566    i.EXTI9_5_Config    nvic.o
    0x08000604   0x00000038   Code   RO          212    i.EXTI9_5_IRQHandler  stm32f4xx_it.o
    0x0800063c   0x0000000c   Code   RO         2134    i.EXTI_ClearITPendingBit  stm32f4xx_exti.o
    0x08000648   0x00000018   Code   RO         2138    i.EXTI_GetITStatus  stm32f4xx_exti.o
    0x08000660   0x00000094   Code   RO         2139    i.EXTI_Init         stm32f4xx_exti.o
    0x080006f4   0x00000014   Code   RO          330    i.Fan_Close         key.o
    0x08000708   0x00000030   Code   RO          331    i.Fan_Init          key.o
    0x08000738   0x00000014   Code   RO          332    i.Fan_Run           key.o
    0x0800074c   0x00000090   Code   RO         1458    i.GPIO_Init         stm32f4xx_gpio.o
    0x080007dc   0x00000046   Code   RO         1459    i.GPIO_PinAFConfig  stm32f4xx_gpio.o
    0x08000822   0x00000012   Code   RO         1462    i.GPIO_ReadInputDataBit  stm32f4xx_gpio.o
    0x08000834   0x00000004   Code   RO         1465    i.GPIO_ResetBits    stm32f4xx_gpio.o
    0x08000838   0x00000004   Code   RO         1466    i.GPIO_SetBits      stm32f4xx_gpio.o
    0x0800083c   0x00000008   Code   RO         1468    i.GPIO_ToggleBits   stm32f4xx_gpio.o
    0x08000844   0x00000004   Code   RO         1469    i.GPIO_Write        stm32f4xx_gpio.o
    0x08000848   0x00000004   Code   RO          213    i.HardFault_Handler  stm32f4xx_it.o
    0x0800084c   0x00000028   Code   RO          806    i.IIC_Init          iic.o
    0x08000874   0x00000040   Code   RO          807    i.IIC_get_Ask       iic.o
    0x080008b4   0x0000006c   Code   RO          810    i.IIC_send_Byte     iic.o
    0x08000920   0x000000b2   Code   RO          884    i.InitOLed          oled.o
    0x080009d2   0x00000002   PAD
    0x080009d4   0x00000050   Code   RO          333    i.Key_Init          key.o
    0x08000a24   0x0000003c   Code   RO          412    i.Led_Init          led.o
    0x08000a60   0x00000004   Code   RO          214    i.MemManage_Handler  stm32f4xx_it.o
    0x08000a64   0x00000002   Code   RO          215    i.NMI_Handler       stm32f4xx_it.o
    0x08000a66   0x000000e2   Code   RO          567    i.NVIC_Config       nvic.o
    0x08000b48   0x00000078   Code   RO         1171    i.NVIC_Init         misc.o
    0x08000bc0   0x00000014   Code   RO         1172    i.NVIC_PriorityGroupConfig  misc.o
    0x08000bd4   0x0000003a   Code   RO          885    i.OLed_Fill         oled.o
    0x08000c0e   0x00000024   Code   RO          886    i.OLed_SetPos       oled.o
    0x08000c32   0x0000004a   Code   RO          887    i.OLed_ShowChina    oled.o
    0x08000c7c   0x00000074   Code   RO          888    i.Oled_print        oled.o
    0x08000cf0   0x000000bc   Code   RO          680    i.PWM_TIM1_CH1_LED  pwm.o
    0x08000dac   0x00000002   Code   RO          216    i.PendSV_Handler    stm32f4xx_it.o
    0x08000dae   0x00000002   PAD
    0x08000db0   0x00000074   Code   RO         1009    i.Phtores_ADC_Init  adc.o
    0x08000e24   0x00000020   Code   RO         1555    i.RCC_AHB1PeriphClockCmd  stm32f4xx_rcc.o
    0x08000e44   0x00000020   Code   RO         1564    i.RCC_APB1PeriphClockCmd  stm32f4xx_rcc.o
    0x08000e64   0x00000020   Code   RO         1566    i.RCC_APB1PeriphResetCmd  stm32f4xx_rcc.o
    0x08000e84   0x00000020   Code   RO         1567    i.RCC_APB2PeriphClockCmd  stm32f4xx_rcc.o
    0x08000ea4   0x00000020   Code   RO         1569    i.RCC_APB2PeriphResetCmd  stm32f4xx_rcc.o
    0x08000ec4   0x000000e8   Code   RO         1576    i.RCC_GetClocksFreq  stm32f4xx_rcc.o
    0x08000fac   0x00000040   Code   RO          752    i.Read_Bit          dht11.o
    0x08000fec   0x0000001c   Code   RO          753    i.Read_Byte         dht11.o
    0x08001008   0x00000030   Code   RO          811    i.SET_SDA_IN        iic.o
    0x08001038   0x0000002c   Code   RO          812    i.SET_SDA_OUT       iic.o
    0x08001064   0x00000002   Code   RO          217    i.SVC_Handler       stm32f4xx_it.o
    0x08001066   0x00000002   PAD
    0x08001068   0x00000040   Code   RO         1892    i.SYSCFG_EXTILineConfig  stm32f4xx_syscfg.o
    0x080010a8   0x00000060   Code   RO           12    i.Send_Information  main.o
    0x08001108   0x000000ec   Code   RO         1115    i.SetSysClock       system_stm32f4xx.o
    0x080011f4   0x00000030   Code   RO          754    i.Set_DHT11_Mode_IN  dht11.o
    0x08001224   0x00000030   Code   RO          755    i.Set_DHT11_Mode_OUT  dht11.o
    0x08001254   0x0000003e   Code   RO          335    i.Set_Device        key.o
    0x08001292   0x00000002   PAD
    0x08001294   0x00000098   Code   RO          682    i.Set_LedLight      pwm.o
    0x0800132c   0x00000040   Code   RO         1042    i.Set_Server_Mode   wifi.o
    0x0800136c   0x00000088   Code   RO          889    i.Show_End          oled.o
    0x080013f4   0x0000005c   Code   RO          890    i.Show_Welcome      oled.o
    0x08001450   0x00000094   Code   RO          756    i.Start_ask         dht11.o
    0x080014e4   0x00000038   Code   RO          813    i.Start_signal      iic.o
    0x0800151c   0x00000038   Code   RO          814    i.Stop_signal       iic.o
    0x08001554   0x00000028   Code   RO         1175    i.SysTick_CLKSourceConfig  misc.o
    0x0800157c   0x00000018   Code   RO          602    i.SysTick_Handler   systick.o
    0x08001594   0x00000068   Code   RO         1117    i.SystemInit        system_stm32f4xx.o
    0x080015fc   0x00000028   Code   RO          218    i.TIM3_IRQHandler   stm32f4xx_it.o
    0x08001624   0x00000038   Code   RO          336    i.TIM4_IRQHandler   key.o
    0x0800165c   0x0000001c   Code   RO          219    i.TIM5_IRQHandler   stm32f4xx_it.o
    0x08001678   0x00000028   Code   RO          220    i.TIM6_DAC_IRQHandler  stm32f4xx_it.o
    0x080016a0   0x00000040   Code   RO          653    i.TIME4_Config      time.o
    0x080016e0   0x00000018   Code   RO         2199    i.TIM_ARRPreloadConfig  stm32f4xx_tim.o
    0x080016f8   0x00000006   Code   RO         2206    i.TIM_ClearITPendingBit  stm32f4xx_tim.o
    0x080016fe   0x00000018   Code   RO         2211    i.TIM_Cmd           stm32f4xx_tim.o
    0x08001716   0x0000001e   Code   RO         2213    i.TIM_CtrlPWMOutputs  stm32f4xx_tim.o
    0x08001734   0x00000190   Code   RO         2216    i.TIM_DeInit        stm32f4xx_tim.o
    0x080018c4   0x00000022   Code   RO         2232    i.TIM_GetITStatus   stm32f4xx_tim.o
    0x080018e6   0x00000012   Code   RO         2236    i.TIM_ITConfig      stm32f4xx_tim.o
    0x080018f8   0x0000007c   Code   RO         2240    i.TIM_OC1Init       stm32f4xx_tim.o
    0x08001974   0x00000012   Code   RO         2243    i.TIM_OC1PreloadConfig  stm32f4xx_tim.o
    0x08001986   0x00000004   Code   RO         2273    i.TIM_SetCompare1   stm32f4xx_tim.o
    0x0800198a   0x00000002   PAD
    0x0800198c   0x00000084   Code   RO         2283    i.TIM_TimeBaseInit  stm32f4xx_tim.o
    0x08001a10   0x00000020   Code   RO          221    i.USART1_IRQHandler  stm32f4xx_it.o
    0x08001a30   0x00000100   Code   RO          222    i.USART2_IRQHandler  stm32f4xx_it.o
    0x08001b30   0x0000001e   Code   RO         1946    i.USART_ClearITPendingBit  stm32f4xx_usart.o
    0x08001b4e   0x00000018   Code   RO         1949    i.USART_Cmd         stm32f4xx_usart.o
    0x08001b66   0x0000001a   Code   RO         1952    i.USART_GetFlagStatus  stm32f4xx_usart.o
    0x08001b80   0x00000054   Code   RO         1953    i.USART_GetITStatus  stm32f4xx_usart.o
    0x08001bd4   0x0000004a   Code   RO         1955    i.USART_ITConfig    stm32f4xx_usart.o
    0x08001c1e   0x00000002   PAD
    0x08001c20   0x000000d4   Code   RO         1956    i.USART_Init        stm32f4xx_usart.o
    0x08001cf4   0x0000000a   Code   RO         1963    i.USART_ReceiveData  stm32f4xx_usart.o
    0x08001cfe   0x00000008   Code   RO         1966    i.USART_SendData    stm32f4xx_usart.o
    0x08001d06   0x00000004   Code   RO          223    i.UsageFault_Handler  stm32f4xx_it.o
    0x08001d0a   0x00000002   PAD
    0x08001d0c   0x000000a0   Code   RO         1043    i.Usart2_Config     wifi.o
    0x08001dac   0x00000034   Code   RO         1044    i.Usart2_Send_str   wifi.o
    0x08001de0   0x00000098   Code   RO          719    i.Usart_Config      usart.o
    0x08001e78   0x0000002e   Code   RO          891    i.WriteOLedCmd      oled.o
    0x08001ea6   0x00000032   Code   RO          892    i.WriteOLedData     oled.o
    0x08001ed8   0x00000020   Code   RO         3019    i.__0printf$3       mc_w.l(printf3.o)
    0x08001ef8   0x00000028   Code   RO         3021    i.__0sprintf$3      mc_w.l(printf3.o)
    0x08001f20   0x0000000e   Code   RO         3237    i.__scatterload_copy  mc_w.l(handlers.o)
    0x08001f2e   0x00000002   Code   RO         3238    i.__scatterload_null  mc_w.l(handlers.o)
    0x08001f30   0x0000000e   Code   RO         3239    i.__scatterload_zeroinit  mc_w.l(handlers.o)
    0x08001f3e   0x00000002   PAD
    0x08001f40   0x000001b8   Code   RO         3026    i._printf_core      mc_w.l(printf3.o)
    0x080020f8   0x0000000a   Code   RO         3028    i._sputc            mc_w.l(printf3.o)
    0x08002102   0x00000002   PAD
    0x08002104   0x0000003c   Code   RO          500    i.delay_init        delay.o
    0x08002140   0x00000038   Code   RO          501    i.delay_ms          delay.o
    0x08002178   0x0000004c   Code   RO          502    i.delay_us          delay.o
    0x080021c4   0x0000004c   Code   RO          503    i.delay_xms         delay.o
    0x08002210   0x00000024   Code   RO          720    i.fputc             usart.o
    0x08002234   0x0000002e   Code   RO         1010    i.getAdcAverage1    adc.o
    0x08002262   0x00000002   PAD
    0x08002264   0x00000030   Code   RO         1011    i.get_adc_val       adc.o
    0x08002294   0x000001e8   Code   RO          337    i.key_Select        key.o
    0x0800247c   0x00000068   Code   RO           13    i.main              main.o
    0x080024e4   0x00000088   Code   RO          893    i.oled_test         oled.o
    0x0800256c   0x00000080   Code   RO           14    i.show_Information  main.o
    0x080025ec   0x0000002c   Code   RO          894    i.show_mode_1       oled.o
    0x08002618   0x0000002c   Code   RO          895    i.show_mode_2       oled.o
    0x08002644   0x000005f0   Data   RO          896    .constdata          oled.o
    0x08002c34   0x0000004c   Data   RO         1045    .constdata          wifi.o
    0x08002c80   0x0000010f   Data   RO         1046    .conststring        wifi.o
    0x08002d8f   0x00000001   PAD
    0x08002d90   0x00000020   Data   RO         3235    Region$$Table       anon$$obj.o


    Execution Region RW_IRAM1 (Base: 0x20000000, Size: 0x00001168, Max: 0x00020000, ABSOLUTE, COMPRESSED[0x000004cc])

    Base Addr    Size         Type   Attr      Idx    E Section Name        Object

    0x20000000   0x00000020   Data   RW          225    .data               stm32f4xx_it.o
    0x20000020   0x00000480   Data   RW          341    .data               key.o
    0x200004a0   0x00000004   Data   RW          504    .data               delay.o
    0x200004a4   0x00000004   Data   RW          607    .data               systick.o
    0x200004a8   0x00000002   Data   RW          683    .data               pwm.o
    0x200004aa   0x00000005   Data   RW          757    .data               dht11.o
    0x200004af   0x000004a0   Data   RW          897    .data               oled.o
    0x2000094f   0x00000010   Data   RW         1608    .data               stm32f4xx_rcc.o
    0x2000095f   0x00000001   PAD
    0x20000960   0x00000004   Data   RW         3211    .data               mc_w.l(stdout.o)
    0x20000964   0x00000400   Zero   RW          224    .bss                stm32f4xx_it.o
    0x20000d64   0x00000004   PAD
    0x20000d68   0x00000400   Zero   RW            1    STACK               startup_stm32f40_41xxx.o


==============================================================================

Image component sizes


      Code (inc. data)   RO Data    RW Data    ZI Data      Debug   Object Name

       210         16          0          0          0       1702   adc.o
       144         22          0          0          0       1816   beep.o
       268         16          0          4          0       2283   delay.o
       424         26          0          5          0       3831   dht11.o
       416         34          0          0          0       3369   iic.o
       774        144          0       1152          0       4649   key.o
        60          6          0          0          0        463   led.o
       328         62          0          0          0     301009   main.o
       180         24          0          0          0       1961   misc.o
       380          0          0          0          0       2030   nvic.o
      1010         82       1520       1184          0       7913   oled.o
       340         38          0          2          0       1326   pwm.o
        36          8        392          0       1024        832   startup_stm32f40_41xxx.o
       374         24          0          0          0       5238   stm32f4xx_adc.o
       184         16          0          0          0       1968   stm32f4xx_exti.o
       252          0          0          0          0       4362   stm32f4xx_gpio.o
       536        102          0         32       1024       8134   stm32f4xx_it.o
       392         48          0         16          0       5537   stm32f4xx_rcc.o
        64          4          0          0          0        620   stm32f4xx_syscfg.o
       814         92          0          0          0       7078   stm32f4xx_tim.o
       468          8          0          0          0       5799   stm32f4xx_usart.o
       340         32          0          0          0       1417   system_stm32f4xx.o
        24          6          0          4          0        618   systick.o
        64          6          0          0          0        479   time.o
       188         16          0          0          0       1099   usart.o
       276         22        347          0          0       1716   wifi.o

    ----------------------------------------------------------------------
      8566        854       2292       2400       2052     377249   Object Totals
         0          0         32          0          0          0   (incl. Generated)
        20          0          1          1          4          0   (incl. Padding)

    ----------------------------------------------------------------------

      Code (inc. data)   RO Data    RW Data    ZI Data      Debug   Library Member Name

        94          0          0          0          0          0   __dclz77c.o
         0          0          0          0          0          0   entry.o
         0          0          0          0          0          0   entry10a.o
         0          0          0          0          0          0   entry11a.o
         8          4          0          0          0          0   entry2.o
         4          0          0          0          0          0   entry5.o
         0          0          0          0          0          0   entry7b.o
         0          0          0          0          0          0   entry8b.o
         8          4          0          0          0          0   entry9a.o
        30          0          0          0          0          0   handlers.o
        36          8          0          0          0         68   init.o
        36          0          0          0          0         68   memcpya.o
       522         20          0          0          0        336   printf3.o
         0          0          0          4          0          0   stdout.o
        14          0          0          0          0         68   strlen.o
        36          0          0          0          0         80   strstr.o
        44          0          0          0          0         80   uidiv.o

    ----------------------------------------------------------------------
       838         36          0          4          0        700   Library Totals
         6          0          0          0          0          0   (incl. Padding)

    ----------------------------------------------------------------------

      Code (inc. data)   RO Data    RW Data    ZI Data      Debug   Library Name

       832         36          0          4          0        700   mc_w.l

    ----------------------------------------------------------------------
       838         36          0          4          0        700   Library Totals

    ----------------------------------------------------------------------

==============================================================================


      Code (inc. data)   RO Data    RW Data    ZI Data      Debug   

      9404        890       2292       2404       2052     366073   Grand Totals
      9404        890       2292       1228       2052     366073   ELF Image Totals (compressed)
      9404        890       2292       1228          0          0   ROM Totals

==============================================================================

    Total RO  Size (Code + RO Data)                11696 (  11.42kB)
    Total RW  Size (RW Data + ZI Data)              4456 (   4.35kB)
    Total ROM Size (Code + RO Data + RW Data)      12924 (  12.62kB)

==============================================================================

